Component: ARM Compiler 5.06 update 5 (build 528) Tool: armlink [4d35e2]

==============================================================================

Section Cross References

    test.o(MyCode) refers to start.o(Start) for Startup
    test.o(MyCode) refers to test.o(MyData) for Memory
    test.o(MyCode) refers to test.o(MyConst) for input_mes
    test.o(RESET) refers to start.o(.ARM.__at_0x1FFFE000) for __initial_sp
    test.o(RESET) refers to test.o(MyCode) for Reset_Handler
    test.o(RESET) refers to start.o(Start) for Dummy_Handler
    test.o(RESET) refers to hardfault_lcd.o(HardFaultLCD) for HardFault_Handler


==============================================================================

Image Symbol Table

    Local Symbols

    Symbol Name                              Value     Ov Type        Size  Object(Section)

    RESET                                    0x00000000   Section      192  test.o(RESET)
    HardFault_LCD.s                          0x00000000   Number         0  hardfault_lcd.o ABSOLUTE
    Start.s                                  0x00000000   Number         0  start.o ABSOLUTE
    test.s                                   0x00000000   Number         0  test.o ABSOLUTE
    .ARM.__at_0xC0                           0x000000c0   Section       64  start.o(.ARM.__at_0xC0)
    HardFaultLCD                             0x00000100   Section      408  hardfault_lcd.o(HardFaultLCD)
    LCD_WF_Config                            0x0000018c   Data           0  hardfault_lcd.o(HardFaultLCD)
    LCD_WF_FRONTPLANE_PINS                   0x00000208   Data           0  hardfault_lcd.o(HardFaultLCD)
    LCD_DIGITS                               0x00000228   Data           0  hardfault_lcd.o(HardFaultLCD)
    Start                                    0x00000298   Section      252  start.o(Start)
    SystemInit                               0x000002a7   Thumb Code    54  start.o(Start)
    SetClock48MHz                            0x000002dd   Thumb Code   140  start.o(Start)
    MyConst                                  0x00000394   Section       52  test.o(MyConst)
    input_mes                                0x00000394   Data          10  test.o(MyConst)
    CRLF                                     0x0000039e   Data           3  test.o(MyConst)
    OF_message                               0x000003a1   Data          18  test.o(MyConst)
    UF_message                               0x000003b3   Data          19  test.o(MyConst)
    .ARM.__at_0x400                          0x00000400   Section       16  start.o(.ARM.__at_0x400)
    MyCode                                   0x00000410   Section    10592  test.o(MyCode)
    W_0                                      0x00000445   Thumb Code     2  test.o(MyCode)
    E_0                                      0x0000048b   Thumb Code     2  test.o(MyCode)
    W_1                                      0x000004a3   Thumb Code     2  test.o(MyCode)
    E_1                                      0x000004e9   Thumb Code     2  test.o(MyCode)
    W_2                                      0x000004f7   Thumb Code     2  test.o(MyCode)
    E_2                                      0x0000052b   Thumb Code     2  test.o(MyCode)
    W_3                                      0x0000054f   Thumb Code     2  test.o(MyCode)
    W_4                                      0x00000579   Thumb Code     2  test.o(MyCode)
    W_5                                      0x0000058d   Thumb Code     2  test.o(MyCode)
    W_6                                      0x000005a1   Thumb Code     2  test.o(MyCode)
    W_7                                      0x000005b5   Thumb Code     2  test.o(MyCode)
    W_8                                      0x000005c9   Thumb Code     2  test.o(MyCode)
    W_9                                      0x000005dd   Thumb Code     2  test.o(MyCode)
    W_10                                     0x000005f1   Thumb Code     2  test.o(MyCode)
    W_11                                     0x00000605   Thumb Code     2  test.o(MyCode)
    W_12                                     0x00000619   Thumb Code     2  test.o(MyCode)
    W_13                                     0x0000062d   Thumb Code     2  test.o(MyCode)
    W_14                                     0x00000641   Thumb Code     2  test.o(MyCode)
    W_15                                     0x00000655   Thumb Code     2  test.o(MyCode)
    W_16                                     0x00000669   Thumb Code     2  test.o(MyCode)
    W_17                                     0x0000067d   Thumb Code     2  test.o(MyCode)
    W_18                                     0x00000691   Thumb Code     2  test.o(MyCode)
    W_19                                     0x000006a5   Thumb Code     2  test.o(MyCode)
    W_20                                     0x000006b9   Thumb Code     2  test.o(MyCode)
    W_21                                     0x000006cd   Thumb Code     2  test.o(MyCode)
    W_22                                     0x000006e1   Thumb Code     2  test.o(MyCode)
    W_23                                     0x000006f5   Thumb Code     2  test.o(MyCode)
    W_24                                     0x00000709   Thumb Code     2  test.o(MyCode)
    W_25                                     0x0000071d   Thumb Code     2  test.o(MyCode)
    W_26                                     0x000007e9   Thumb Code     2  test.o(MyCode)
    W_27                                     0x000007fd   Thumb Code     2  test.o(MyCode)
    W_28                                     0x00000811   Thumb Code     2  test.o(MyCode)
    W_29                                     0x00000825   Thumb Code     2  test.o(MyCode)
    W_30                                     0x00000839   Thumb Code     2  test.o(MyCode)
    W_31                                     0x0000084d   Thumb Code     2  test.o(MyCode)
    W_32                                     0x00000861   Thumb Code     2  test.o(MyCode)
    W_33                                     0x00000875   Thumb Code     2  test.o(MyCode)
    W_34                                     0x00000889   Thumb Code     2  test.o(MyCode)
    W_35                                     0x0000089d   Thumb Code     2  test.o(MyCode)
    W_36                                     0x000008b1   Thumb Code     2  test.o(MyCode)
    W_37                                     0x000008c5   Thumb Code     2  test.o(MyCode)
    W_38                                     0x000008d9   Thumb Code     2  test.o(MyCode)
    W_39                                     0x000008ed   Thumb Code     2  test.o(MyCode)
    W_40                                     0x00000901   Thumb Code     2  test.o(MyCode)
    W_41                                     0x00000915   Thumb Code     2  test.o(MyCode)
    W_42                                     0x00000929   Thumb Code     2  test.o(MyCode)
    W_43                                     0x0000093d   Thumb Code     2  test.o(MyCode)
    W_44                                     0x00000951   Thumb Code     2  test.o(MyCode)
    W_45                                     0x00000965   Thumb Code     2  test.o(MyCode)
    W_46                                     0x00000979   Thumb Code     2  test.o(MyCode)
    W_47                                     0x0000098d   Thumb Code     2  test.o(MyCode)
    W_48                                     0x000009a1   Thumb Code     2  test.o(MyCode)
    W_49                                     0x000009b5   Thumb Code     2  test.o(MyCode)
    W_50                                     0x000009c9   Thumb Code     2  test.o(MyCode)
    W_51                                     0x000009dd   Thumb Code     2  test.o(MyCode)
    W_52                                     0x000009f1   Thumb Code     2  test.o(MyCode)
    W_53                                     0x00000a05   Thumb Code     2  test.o(MyCode)
    W_54                                     0x00000a19   Thumb Code     2  test.o(MyCode)
    W_55                                     0x00000a2d   Thumb Code     2  test.o(MyCode)
    W_56                                     0x00000a41   Thumb Code     2  test.o(MyCode)
    W_57                                     0x00000a55   Thumb Code     2  test.o(MyCode)
    W_58                                     0x00000a73   Thumb Code     2  test.o(MyCode)
    E_58                                     0x00000b87   Thumb Code     2  test.o(MyCode)
    E_57                                     0x00000b99   Thumb Code     2  test.o(MyCode)
    W_59                                     0x00000ba5   Thumb Code     2  test.o(MyCode)
    E_59                                     0x00000bf7   Thumb Code     2  test.o(MyCode)
    E_56                                     0x00000c09   Thumb Code     2  test.o(MyCode)
    W_60                                     0x00000c15   Thumb Code     2  test.o(MyCode)
    E_60                                     0x00000c71   Thumb Code     2  test.o(MyCode)
    E_55                                     0x00000c83   Thumb Code     2  test.o(MyCode)
    W_61                                     0x00000c8f   Thumb Code     2  test.o(MyCode)
    E_61                                     0x00000ceb   Thumb Code     2  test.o(MyCode)
    E_54                                     0x00000cfd   Thumb Code     2  test.o(MyCode)
    W_62                                     0x00000d09   Thumb Code     2  test.o(MyCode)
    E_62                                     0x00000d53   Thumb Code     2  test.o(MyCode)
    E_53                                     0x00000d65   Thumb Code     2  test.o(MyCode)
    W_63                                     0x00000d71   Thumb Code     2  test.o(MyCode)
    E_63                                     0x00000dc1   Thumb Code     2  test.o(MyCode)
    E_52                                     0x00000dd3   Thumb Code     2  test.o(MyCode)
    W_64                                     0x00000ddf   Thumb Code     2  test.o(MyCode)
    E_64                                     0x00000e29   Thumb Code     2  test.o(MyCode)
    E_51                                     0x00000e3b   Thumb Code     2  test.o(MyCode)
    W_65                                     0x00000e47   Thumb Code     2  test.o(MyCode)
    E_65                                     0x00000e7b   Thumb Code     2  test.o(MyCode)
    E_50                                     0x00000e8d   Thumb Code     2  test.o(MyCode)
    W_66                                     0x00000e99   Thumb Code     2  test.o(MyCode)
    E_66                                     0x00000fd5   Thumb Code     2  test.o(MyCode)
    E_49                                     0x00000fe7   Thumb Code     2  test.o(MyCode)
    W_67                                     0x00000ff3   Thumb Code     2  test.o(MyCode)
    E_67                                     0x00001049   Thumb Code     2  test.o(MyCode)
    E_48                                     0x0000105b   Thumb Code     2  test.o(MyCode)
    W_68                                     0x00001067   Thumb Code     2  test.o(MyCode)
    E_68                                     0x000010c3   Thumb Code     2  test.o(MyCode)
    E_47                                     0x000010d5   Thumb Code     2  test.o(MyCode)
    W_69                                     0x000010e1   Thumb Code     2  test.o(MyCode)
    E_69                                     0x0000113d   Thumb Code     2  test.o(MyCode)
    E_46                                     0x0000114f   Thumb Code     2  test.o(MyCode)
    W_70                                     0x0000115b   Thumb Code     2  test.o(MyCode)
    E_70                                     0x0000119b   Thumb Code     2  test.o(MyCode)
    E_45                                     0x000011ad   Thumb Code     2  test.o(MyCode)
    W_71                                     0x000011b9   Thumb Code     2  test.o(MyCode)
    E_71                                     0x000011ff   Thumb Code     2  test.o(MyCode)
    E_44                                     0x00001211   Thumb Code     2  test.o(MyCode)
    W_72                                     0x0000121d   Thumb Code     2  test.o(MyCode)
    E_72                                     0x00001257   Thumb Code     2  test.o(MyCode)
    E_43                                     0x00001269   Thumb Code     2  test.o(MyCode)
    W_73                                     0x00001275   Thumb Code     2  test.o(MyCode)
    E_73                                     0x000013c5   Thumb Code     2  test.o(MyCode)
    E_42                                     0x000013d7   Thumb Code     2  test.o(MyCode)
    W_74                                     0x000013e3   Thumb Code     2  test.o(MyCode)
    E_74                                     0x00001439   Thumb Code     2  test.o(MyCode)
    E_41                                     0x0000144b   Thumb Code     2  test.o(MyCode)
    W_75                                     0x00001457   Thumb Code     2  test.o(MyCode)
    E_75                                     0x000014a7   Thumb Code     2  test.o(MyCode)
    E_40                                     0x000014b9   Thumb Code     2  test.o(MyCode)
    W_76                                     0x000014c5   Thumb Code     2  test.o(MyCode)
    E_76                                     0x000014ff   Thumb Code     2  test.o(MyCode)
    E_39                                     0x00001511   Thumb Code     2  test.o(MyCode)
    W_77                                     0x0000151d   Thumb Code     2  test.o(MyCode)
    E_77                                     0x00001563   Thumb Code     2  test.o(MyCode)
    E_38                                     0x00001575   Thumb Code     2  test.o(MyCode)
    W_78                                     0x00001581   Thumb Code     2  test.o(MyCode)
    E_78                                     0x000015cd   Thumb Code     2  test.o(MyCode)
    E_37                                     0x000015df   Thumb Code     2  test.o(MyCode)
    W_79                                     0x000015eb   Thumb Code     2  test.o(MyCode)
    E_79                                     0x00001647   Thumb Code     2  test.o(MyCode)
    E_36                                     0x00001659   Thumb Code     2  test.o(MyCode)
    W_80                                     0x00001665   Thumb Code     2  test.o(MyCode)
    E_80                                     0x00001699   Thumb Code     2  test.o(MyCode)
    E_35                                     0x000016ab   Thumb Code     2  test.o(MyCode)
    W_81                                     0x000016b7   Thumb Code     2  test.o(MyCode)
    E_81                                     0x00001801   Thumb Code     2  test.o(MyCode)
    E_34                                     0x00001813   Thumb Code     2  test.o(MyCode)
    W_82                                     0x0000181f   Thumb Code     2  test.o(MyCode)
    E_82                                     0x00001887   Thumb Code     2  test.o(MyCode)
    E_33                                     0x00001899   Thumb Code     2  test.o(MyCode)
    W_83                                     0x000018a5   Thumb Code     2  test.o(MyCode)
    E_83                                     0x000018f7   Thumb Code     2  test.o(MyCode)
    E_32                                     0x00001909   Thumb Code     2  test.o(MyCode)
    W_84                                     0x00001915   Thumb Code     2  test.o(MyCode)
    E_84                                     0x00001959   Thumb Code     2  test.o(MyCode)
    E_31                                     0x0000196b   Thumb Code     2  test.o(MyCode)
    W_85                                     0x00001977   Thumb Code     2  test.o(MyCode)
    E_85                                     0x000019f5   Thumb Code     2  test.o(MyCode)
    E_30                                     0x00001a07   Thumb Code     2  test.o(MyCode)
    W_86                                     0x00001a13   Thumb Code     2  test.o(MyCode)
    E_86                                     0x00001a7b   Thumb Code     2  test.o(MyCode)
    E_29                                     0x00001a8d   Thumb Code     2  test.o(MyCode)
    W_87                                     0x00001a99   Thumb Code     2  test.o(MyCode)
    E_87                                     0x00001afb   Thumb Code     2  test.o(MyCode)
    E_28                                     0x00001bfb   Thumb Code     2  test.o(MyCode)
    W_88                                     0x00001c07   Thumb Code     2  test.o(MyCode)
    E_88                                     0x00001c91   Thumb Code     2  test.o(MyCode)
    E_27                                     0x00001ca3   Thumb Code     2  test.o(MyCode)
    W_89                                     0x00001caf   Thumb Code     2  test.o(MyCode)
    E_89                                     0x00001d0d   Thumb Code     2  test.o(MyCode)
    E_26                                     0x00001d1f   Thumb Code     2  test.o(MyCode)
    W_90                                     0x00001d2b   Thumb Code     2  test.o(MyCode)
    E_90                                     0x00001d83   Thumb Code     2  test.o(MyCode)
    E_25                                     0x00001d95   Thumb Code     2  test.o(MyCode)
    W_91                                     0x00001da1   Thumb Code     2  test.o(MyCode)
    E_91                                     0x00001df9   Thumb Code     2  test.o(MyCode)
    E_24                                     0x00001e0b   Thumb Code     2  test.o(MyCode)
    W_92                                     0x00001e17   Thumb Code     2  test.o(MyCode)
    E_92                                     0x00001e6f   Thumb Code     2  test.o(MyCode)
    E_23                                     0x00001e81   Thumb Code     2  test.o(MyCode)
    W_93                                     0x00001e8d   Thumb Code     2  test.o(MyCode)
    E_93                                     0x00001ee5   Thumb Code     2  test.o(MyCode)
    E_22                                     0x00001ef7   Thumb Code     2  test.o(MyCode)
    W_94                                     0x00001f03   Thumb Code     2  test.o(MyCode)
    E_94                                     0x00002035   Thumb Code     2  test.o(MyCode)
    E_21                                     0x00002047   Thumb Code     2  test.o(MyCode)
    W_95                                     0x00002053   Thumb Code     2  test.o(MyCode)
    E_95                                     0x000020a9   Thumb Code     2  test.o(MyCode)
    E_20                                     0x000020bb   Thumb Code     2  test.o(MyCode)
    W_96                                     0x000020c7   Thumb Code     2  test.o(MyCode)
    E_96                                     0x0000211d   Thumb Code     2  test.o(MyCode)
    E_19                                     0x0000212f   Thumb Code     2  test.o(MyCode)
    W_97                                     0x0000213b   Thumb Code     2  test.o(MyCode)
    E_97                                     0x00002191   Thumb Code     2  test.o(MyCode)
    E_18                                     0x000021a3   Thumb Code     2  test.o(MyCode)
    W_98                                     0x000021af   Thumb Code     2  test.o(MyCode)
    E_98                                     0x00002205   Thumb Code     2  test.o(MyCode)
    E_17                                     0x00002217   Thumb Code     2  test.o(MyCode)
    W_99                                     0x00002223   Thumb Code     2  test.o(MyCode)
    E_99                                     0x0000226f   Thumb Code     2  test.o(MyCode)
    E_16                                     0x00002281   Thumb Code     2  test.o(MyCode)
    W_100                                    0x0000228d   Thumb Code     2  test.o(MyCode)
    E_100                                    0x000022fb   Thumb Code     2  test.o(MyCode)
    E_15                                     0x0000230d   Thumb Code     2  test.o(MyCode)
    W_101                                    0x00002319   Thumb Code     2  test.o(MyCode)
    E_101                                    0x00002489   Thumb Code     2  test.o(MyCode)
    E_14                                     0x0000249b   Thumb Code     2  test.o(MyCode)
    W_102                                    0x000024a7   Thumb Code     2  test.o(MyCode)
    E_102                                    0x0000250f   Thumb Code     2  test.o(MyCode)
    E_13                                     0x00002521   Thumb Code     2  test.o(MyCode)
    W_103                                    0x0000252d   Thumb Code     2  test.o(MyCode)
    E_103                                    0x00002595   Thumb Code     2  test.o(MyCode)
    E_12                                     0x000025a7   Thumb Code     2  test.o(MyCode)
    W_104                                    0x000025b3   Thumb Code     2  test.o(MyCode)
    E_104                                    0x00002631   Thumb Code     2  test.o(MyCode)
    E_11                                     0x00002643   Thumb Code     2  test.o(MyCode)
    W_105                                    0x0000264f   Thumb Code     2  test.o(MyCode)
    E_105                                    0x000026cd   Thumb Code     2  test.o(MyCode)
    E_10                                     0x000026df   Thumb Code     2  test.o(MyCode)
    W_106                                    0x000026eb   Thumb Code     2  test.o(MyCode)
    E_106                                    0x00002753   Thumb Code     2  test.o(MyCode)
    E_9                                      0x00002765   Thumb Code     2  test.o(MyCode)
    W_107                                    0x00002859   Thumb Code     2  test.o(MyCode)
    E_107                                    0x000028bb   Thumb Code     2  test.o(MyCode)
    E_8                                      0x000028cd   Thumb Code     2  test.o(MyCode)
    W_108                                    0x000028d9   Thumb Code     2  test.o(MyCode)
    E_108                                    0x00002957   Thumb Code     2  test.o(MyCode)
    E_7                                      0x00002969   Thumb Code     2  test.o(MyCode)
    W_109                                    0x00002975   Thumb Code     2  test.o(MyCode)
    E_109                                    0x000029f3   Thumb Code     2  test.o(MyCode)
    E_6                                      0x00002a05   Thumb Code     2  test.o(MyCode)
    W_110                                    0x00002a11   Thumb Code     2  test.o(MyCode)
    E_110                                    0x00002a5d   Thumb Code     2  test.o(MyCode)
    E_5                                      0x00002a6f   Thumb Code     2  test.o(MyCode)
    W_111                                    0x00002a7b   Thumb Code     2  test.o(MyCode)
    E_111                                    0x00002add   Thumb Code     2  test.o(MyCode)
    E_4                                      0x00002aef   Thumb Code     2  test.o(MyCode)
    E_3                                      0x00002b27   Thumb Code     2  test.o(MyCode)
    End_OF                                   0x00002b7d   Thumb Code     2  test.o(MyCode)
    End_UF                                   0x00002b85   Thumb Code     2  test.o(MyCode)
    Clear_Mem                                0x00002b8f   Thumb Code    20  test.o(MyCode)
    GetChar                                  0x00002c21   Thumb Code    18  test.o(MyCode)
    PutStringSB                              0x00002c33   Thumb Code    28  test.o(MyCode)
    .ARM.__at_0x1FFFE000                     0x1fffe000   Section      256  start.o(.ARM.__at_0x1FFFE000)
    MyData                                   0x1fffe100   Section     3000  test.o(MyData)
    Memory                                   0x1fffe100   Data        3000  test.o(MyData)

    Global Symbols

    Symbol Name                              Value     Ov Type        Size  Object(Section)

    BuildAttributes$$THM_ISAv3M$S$PE$A:L22$X:L11$S22$IEEE1$IW$USESV6$~STKCKD$USESV7$~SHL$OSPACE$EBA8$STANDARDLIB$EABIv2 0x00000000   Number         0  anon$$obj.o ABSOLUTE
    __Vectors                                0x00000000   Data           0  test.o(RESET)
    __Vectors_End                            0x000000c0   Data           0  test.o(RESET)
    __Vectors_Size                           0x000000c0   Number         0  test.o ABSOLUTE
    HardFault_Handler                        0x00000101   Thumb Code    16  hardfault_lcd.o(HardFaultLCD)
    InitLCD                                  0x00000111   Thumb Code   124  hardfault_lcd.o(HardFaultLCD)
    LCD_PutHex                               0x000001cd   Thumb Code    44  hardfault_lcd.o(HardFaultLCD)
    Startup                                  0x00000299   Thumb Code    14  start.o(Start)
    Dummy_Handler                            0x00000369   Thumb Code     2  start.o(Start)
    Reset_Handler                            0x00000411   Thumb Code 10110  test.o(MyCode)
    Init_UART0_Polling                       0x00002ba3   Thumb Code   108  test.o(MyCode)
    PutChar                                  0x00002c0f   Thumb Code    18  test.o(MyCode)
    __initial_sp                             0x1fffe100   Data           0  start.o(.ARM.__at_0x1FFFE000)



==============================================================================

Memory Map of the image

  Image Entry point : 0x00000411

  Load Region LR_1 (Base: 0x00000000, Size: 0x00003a28, Max: 0xffffffff, ABSOLUTE)

    Execution Region ER_RO (Exec base: 0x00000000, Load base: 0x00000000, Size: 0x00002d70, Max: 0xffffffff, ABSOLUTE)

    Exec Addr    Load Addr    Size         Type   Attr      Idx    E Section Name        Object

    0x00000000   0x00000000   0x000000c0   Data   RO            2    RESET               test.o
    0x000000c0   0x000000c0   0x00000040   Data   RO           15    .ARM.__at_0xC0      start.o
    0x00000100   0x00000100   0x00000198   Code   RO           10    HardFaultLCD        hardfault_lcd.o
    0x00000298   0x00000298   0x000000fc   Code   RO           14    Start               start.o
    0x00000394   0x00000394   0x00000034   Data   RO            3    MyConst             test.o
    0x000003c8   0x000003c8   0x00000038   PAD
    0x00000400   0x00000400   0x00000010   Code   RO           16    .ARM.__at_0x400     start.o
    0x00000410   0x00000410   0x00002960   Code   RO            1  * MyCode              test.o


    Execution Region ER_RW (Exec base: 0x1fffe000, Load base: 0x00002d70, Size: 0x00000cb8, Max: 0xffffffff, ABSOLUTE)

    Exec Addr    Load Addr    Size         Type   Attr      Idx    E Section Name        Object

    0x1fffe000   0x00002d70   0x00000100   Data   RW           17    .ARM.__at_0x1FFFE000  start.o
    0x1fffe100   0x00002e70   0x00000bb8   Data   RW            4    MyData              test.o


    Execution Region ER_ZI (Exec base: 0x1fffecb8, Load base: 0x00003a28, Size: 0x00000000, Max: 0xffffffff, ABSOLUTE)

    **** No section assigned to this execution region ****


==============================================================================

Image component sizes


      Code (inc. data)   RO Data    RW Data    ZI Data      Debug   Object Name

       408        224          0          0          0        564   hardfault_lcd.o
       268         58         64        256          0        800   start.o
     10592       2292        244       3000          0       4732   test.o

    ----------------------------------------------------------------------
     11268       2574        364       3256          0       6096   Object Totals
         0          0          0          0          0          0   (incl. Generated)
         0          0         56          0          0          0   (incl. Padding)

    ----------------------------------------------------------------------
         0          0          0          0          0          0   Library Totals
         0          0          0          0          0          0   (incl. Padding)

    ----------------------------------------------------------------------

==============================================================================


      Code (inc. data)   RO Data    RW Data    ZI Data      Debug   

     11268       2574        364       3256          0       5888   Grand Totals
     11268       2574        364       3256          0       5888   ELF Image Totals
     11268       2574        364       3256          0          0   ROM Totals

==============================================================================

    Total RO  Size (Code + RO Data)                11632 (  11.36kB)
    Total RW  Size (RW Data + ZI Data)              3256 (   3.18kB)
    Total ROM Size (Code + RO Data + RW Data)      14888 (  14.54kB)

==============================================================================

