<!doctype html public "-//w3c//dtd html 4.0 transitional//en">
<html><head>
<title>Static Call Graph - [.\Objects\test.axf]</title></head>
<body><HR>
<H1>Static Call Graph for image .\Objects\test.axf</H1><HR>
<BR><P>#&#060CALLGRAPH&#062# ARM Linker, 5060528: Last Updated: Thu Oct 19 13:45:17 2017
<BR><P>
<H3>Maximum Stack Usage =          0 bytes + Unknown(Functions without stacksize, Cycles, Untraceable Function Pointers)</H3><H3>
Call chain for Maximum Stack Depth:</H3>

<P>
<H3>
Functions with no stack information
</H3><UL>
 <LI><a href="#[8]">W_0</a>
 <LI><a href="#[4]">E_0</a>
 <LI><a href="#[c]">W_1</a>
 <LI><a href="#[6]">E_1</a>
 <LI><a href="#[11]">W_2</a>
 <LI><a href="#[7]">E_2</a>
 <LI><a href="#[e4]">W_3</a>
 <LI><a href="#[e3]">W_4</a>
 <LI><a href="#[e1]">W_5</a>
 <LI><a href="#[df]">W_6</a>
 <LI><a href="#[dd]">W_7</a>
 <LI><a href="#[db]">W_8</a>
 <LI><a href="#[d4]">W_9</a>
 <LI><a href="#[d2]">W_10</a>
 <LI><a href="#[d0]">W_11</a>
 <LI><a href="#[ce]">W_12</a>
 <LI><a href="#[cc]">W_13</a>
 <LI><a href="#[c9]">W_14</a>
 <LI><a href="#[c3]">W_15</a>
 <LI><a href="#[c1]">W_16</a>
 <LI><a href="#[bf]">W_17</a>
 <LI><a href="#[bd]">W_18</a>
 <LI><a href="#[bb]">W_19</a>
 <LI><a href="#[b8]">W_20</a>
 <LI><a href="#[b0]">W_21</a>
 <LI><a href="#[ae]">W_22</a>
 <LI><a href="#[ac]">W_23</a>
 <LI><a href="#[aa]">W_24</a>
 <LI><a href="#[a8]">W_25</a>
 <LI><a href="#[a6]">W_26</a>
 <LI><a href="#[a4]">W_27</a>
 <LI><a href="#[9b]">W_28</a>
 <LI><a href="#[99]">W_29</a>
 <LI><a href="#[97]">W_30</a>
 <LI><a href="#[95]">W_31</a>
 <LI><a href="#[93]">W_32</a>
 <LI><a href="#[91]">W_33</a>
 <LI><a href="#[89]">W_34</a>
 <LI><a href="#[87]">W_35</a>
 <LI><a href="#[85]">W_36</a>
 <LI><a href="#[83]">W_37</a>
 <LI><a href="#[81]">W_38</a>
 <LI><a href="#[7f]">W_39</a>
 <LI><a href="#[7d]">W_40</a>
 <LI><a href="#[79]">W_41</a>
 <LI><a href="#[71]">W_42</a>
 <LI><a href="#[6f]">W_43</a>
 <LI><a href="#[6d]">W_44</a>
 <LI><a href="#[6b]">W_45</a>
 <LI><a href="#[69]">W_46</a>
 <LI><a href="#[67]">W_47</a>
 <LI><a href="#[65]">W_48</a>
 <LI><a href="#[5d]">W_49</a>
 <LI><a href="#[5a]">W_50</a>
 <LI><a href="#[58]">W_51</a>
 <LI><a href="#[56]">W_52</a>
 <LI><a href="#[54]">W_53</a>
 <LI><a href="#[52]">W_54</a>
 <LI><a href="#[50]">W_55</a>
 <LI><a href="#[4b]">W_56</a>
 <LI><a href="#[44]">W_57</a>
 <LI><a href="#[43]">W_58</a>
 <LI><a href="#[42]">E_58</a>
 <LI><a href="#[41]">E_57</a>
 <LI><a href="#[49]">W_59</a>
 <LI><a href="#[45]">E_59</a>
 <LI><a href="#[40]">E_56</a>
 <LI><a href="#[4f]">W_60</a>
 <LI><a href="#[46]">E_60</a>
 <LI><a href="#[3f]">E_55</a>
 <LI><a href="#[51]">W_61</a>
 <LI><a href="#[47]">E_61</a>
 <LI><a href="#[3e]">E_54</a>
 <LI><a href="#[53]">W_62</a>
 <LI><a href="#[48]">E_62</a>
 <LI><a href="#[3d]">E_53</a>
 <LI><a href="#[55]">W_63</a>
 <LI><a href="#[4a]">E_63</a>
 <LI><a href="#[3c]">E_52</a>
 <LI><a href="#[57]">W_64</a>
 <LI><a href="#[4c]">E_64</a>
 <LI><a href="#[3b]">E_51</a>
 <LI><a href="#[59]">W_65</a>
 <LI><a href="#[4d]">E_65</a>
 <LI><a href="#[3a]">E_50</a>
 <LI><a href="#[5b]">W_66</a>
 <LI><a href="#[4e]">E_66</a>
 <LI><a href="#[39]">E_49</a>
 <LI><a href="#[64]">W_67</a>
 <LI><a href="#[5c]">E_67</a>
 <LI><a href="#[38]">E_48</a>
 <LI><a href="#[66]">W_68</a>
 <LI><a href="#[5e]">E_68</a>
 <LI><a href="#[37]">E_47</a>
 <LI><a href="#[68]">W_69</a>
 <LI><a href="#[5f]">E_69</a>
 <LI><a href="#[36]">E_46</a>
 <LI><a href="#[6a]">W_70</a>
 <LI><a href="#[60]">E_70</a>
 <LI><a href="#[35]">E_45</a>
 <LI><a href="#[6c]">W_71</a>
 <LI><a href="#[61]">E_71</a>
 <LI><a href="#[34]">E_44</a>
 <LI><a href="#[6e]">W_72</a>
 <LI><a href="#[62]">E_72</a>
 <LI><a href="#[33]">E_43</a>
 <LI><a href="#[70]">W_73</a>
 <LI><a href="#[63]">E_73</a>
 <LI><a href="#[32]">E_42</a>
 <LI><a href="#[77]">W_74</a>
 <LI><a href="#[72]">E_74</a>
 <LI><a href="#[31]">E_41</a>
 <LI><a href="#[7c]">W_75</a>
 <LI><a href="#[73]">E_75</a>
 <LI><a href="#[30]">E_40</a>
 <LI><a href="#[7e]">W_76</a>
 <LI><a href="#[74]">E_76</a>
 <LI><a href="#[2f]">E_39</a>
 <LI><a href="#[80]">W_77</a>
 <LI><a href="#[75]">E_77</a>
 <LI><a href="#[2e]">E_38</a>
 <LI><a href="#[82]">W_78</a>
 <LI><a href="#[76]">E_78</a>
 <LI><a href="#[2d]">E_37</a>
 <LI><a href="#[84]">W_79</a>
 <LI><a href="#[78]">E_79</a>
 <LI><a href="#[2c]">E_36</a>
 <LI><a href="#[86]">W_80</a>
 <LI><a href="#[7a]">E_80</a>
 <LI><a href="#[2b]">E_35</a>
 <LI><a href="#[88]">W_81</a>
 <LI><a href="#[7b]">E_81</a>
 <LI><a href="#[2a]">E_34</a>
 <LI><a href="#[90]">W_82</a>
 <LI><a href="#[8a]">E_82</a>
 <LI><a href="#[29]">E_33</a>
 <LI><a href="#[92]">W_83</a>
 <LI><a href="#[8b]">E_83</a>
 <LI><a href="#[28]">E_32</a>
 <LI><a href="#[94]">W_84</a>
 <LI><a href="#[8c]">E_84</a>
 <LI><a href="#[27]">E_31</a>
 <LI><a href="#[96]">W_85</a>
 <LI><a href="#[8d]">E_85</a>
 <LI><a href="#[26]">E_30</a>
 <LI><a href="#[98]">W_86</a>
 <LI><a href="#[8e]">E_86</a>
 <LI><a href="#[25]">E_29</a>
 <LI><a href="#[9a]">W_87</a>
 <LI><a href="#[8f]">E_87</a>
 <LI><a href="#[24]">E_28</a>
 <LI><a href="#[a3]">W_88</a>
 <LI><a href="#[9c]">E_88</a>
 <LI><a href="#[23]">E_27</a>
 <LI><a href="#[a5]">W_89</a>
 <LI><a href="#[9d]">E_89</a>
 <LI><a href="#[22]">E_26</a>
 <LI><a href="#[a7]">W_90</a>
 <LI><a href="#[9e]">E_90</a>
 <LI><a href="#[21]">E_25</a>
 <LI><a href="#[a9]">W_91</a>
 <LI><a href="#[9f]">E_91</a>
 <LI><a href="#[20]">E_24</a>
 <LI><a href="#[ab]">W_92</a>
 <LI><a href="#[a0]">E_92</a>
 <LI><a href="#[1f]">E_23</a>
 <LI><a href="#[ad]">W_93</a>
 <LI><a href="#[a1]">E_93</a>
 <LI><a href="#[1e]">E_22</a>
 <LI><a href="#[af]">W_94</a>
 <LI><a href="#[a2]">E_94</a>
 <LI><a href="#[1d]">E_21</a>
 <LI><a href="#[b6]">W_95</a>
 <LI><a href="#[b1]">E_95</a>
 <LI><a href="#[1c]">E_20</a>
 <LI><a href="#[ba]">W_96</a>
 <LI><a href="#[b2]">E_96</a>
 <LI><a href="#[1b]">E_19</a>
 <LI><a href="#[bc]">W_97</a>
 <LI><a href="#[b3]">E_97</a>
 <LI><a href="#[1a]">E_18</a>
 <LI><a href="#[be]">W_98</a>
 <LI><a href="#[b4]">E_98</a>
 <LI><a href="#[19]">E_17</a>
 <LI><a href="#[c0]">W_99</a>
 <LI><a href="#[b5]">E_99</a>
 <LI><a href="#[18]">E_16</a>
 <LI><a href="#[c2]">W_100</a>
 <LI><a href="#[b7]">E_100</a>
 <LI><a href="#[17]">E_15</a>
 <LI><a href="#[c7]">W_101</a>
 <LI><a href="#[b9]">E_101</a>
 <LI><a href="#[16]">E_14</a>
 <LI><a href="#[cb]">W_102</a>
 <LI><a href="#[c4]">E_102</a>
 <LI><a href="#[15]">E_13</a>
 <LI><a href="#[cd]">W_103</a>
 <LI><a href="#[c5]">E_103</a>
 <LI><a href="#[14]">E_12</a>
 <LI><a href="#[cf]">W_104</a>
 <LI><a href="#[c6]">E_104</a>
 <LI><a href="#[13]">E_11</a>
 <LI><a href="#[d1]">W_105</a>
 <LI><a href="#[c8]">E_105</a>
 <LI><a href="#[12]">E_10</a>
 <LI><a href="#[d3]">W_106</a>
 <LI><a href="#[ca]">E_106</a>
 <LI><a href="#[10]">E_9</a>
 <LI><a href="#[d9]">W_107</a>
 <LI><a href="#[d5]">E_107</a>
 <LI><a href="#[f]">E_8</a>
 <LI><a href="#[dc]">W_108</a>
 <LI><a href="#[d6]">E_108</a>
 <LI><a href="#[e]">E_7</a>
 <LI><a href="#[de]">W_109</a>
 <LI><a href="#[d7]">E_109</a>
 <LI><a href="#[d]">E_6</a>
 <LI><a href="#[e0]">W_110</a>
 <LI><a href="#[d8]">E_110</a>
 <LI><a href="#[b]">E_5</a>
 <LI><a href="#[e2]">W_111</a>
 <LI><a href="#[da]">E_111</a>
 <LI><a href="#[a]">E_4</a>
 <LI><a href="#[9]">E_3</a>
 <LI><a href="#[3]">End_OF</a>
 <LI><a href="#[5]">End_UF</a>
</UL>
</UL>
<P>
<H3>
Mutually Recursive functions
</H3> <LI><a href="#[1]">Dummy_Handler</a>&nbsp;&nbsp;&nbsp;&rArr;&nbsp;&nbsp;&nbsp;<a href="#[1]">Dummy_Handler</a><BR>
</UL>
<P>
<H3>
Function Pointers
</H3><UL>
 <LI><a href="#[1]">Dummy_Handler</a> from start.o(Start) referenced 45 times from test.o(RESET)
 <LI><a href="#[4]">E_0</a> from test.o(MyCode) referenced from test.o(MyCode)
 <LI><a href="#[6]">E_1</a> from test.o(MyCode) referenced from test.o(MyCode)
 <LI><a href="#[12]">E_10</a> from test.o(MyCode) referenced from test.o(MyCode)
 <LI><a href="#[b7]">E_100</a> from test.o(MyCode) referenced from test.o(MyCode)
 <LI><a href="#[b9]">E_101</a> from test.o(MyCode) referenced from test.o(MyCode)
 <LI><a href="#[c4]">E_102</a> from test.o(MyCode) referenced from test.o(MyCode)
 <LI><a href="#[c5]">E_103</a> from test.o(MyCode) referenced from test.o(MyCode)
 <LI><a href="#[c6]">E_104</a> from test.o(MyCode) referenced from test.o(MyCode)
 <LI><a href="#[c8]">E_105</a> from test.o(MyCode) referenced from test.o(MyCode)
 <LI><a href="#[ca]">E_106</a> from test.o(MyCode) referenced from test.o(MyCode)
 <LI><a href="#[d5]">E_107</a> from test.o(MyCode) referenced from test.o(MyCode)
 <LI><a href="#[d6]">E_108</a> from test.o(MyCode) referenced from test.o(MyCode)
 <LI><a href="#[d7]">E_109</a> from test.o(MyCode) referenced from test.o(MyCode)
 <LI><a href="#[13]">E_11</a> from test.o(MyCode) referenced from test.o(MyCode)
 <LI><a href="#[d8]">E_110</a> from test.o(MyCode) referenced from test.o(MyCode)
 <LI><a href="#[da]">E_111</a> from test.o(MyCode) referenced from test.o(MyCode)
 <LI><a href="#[14]">E_12</a> from test.o(MyCode) referenced from test.o(MyCode)
 <LI><a href="#[15]">E_13</a> from test.o(MyCode) referenced from test.o(MyCode)
 <LI><a href="#[16]">E_14</a> from test.o(MyCode) referenced from test.o(MyCode)
 <LI><a href="#[17]">E_15</a> from test.o(MyCode) referenced from test.o(MyCode)
 <LI><a href="#[18]">E_16</a> from test.o(MyCode) referenced from test.o(MyCode)
 <LI><a href="#[19]">E_17</a> from test.o(MyCode) referenced from test.o(MyCode)
 <LI><a href="#[1a]">E_18</a> from test.o(MyCode) referenced from test.o(MyCode)
 <LI><a href="#[1b]">E_19</a> from test.o(MyCode) referenced from test.o(MyCode)
 <LI><a href="#[7]">E_2</a> from test.o(MyCode) referenced from test.o(MyCode)
 <LI><a href="#[1c]">E_20</a> from test.o(MyCode) referenced from test.o(MyCode)
 <LI><a href="#[1d]">E_21</a> from test.o(MyCode) referenced from test.o(MyCode)
 <LI><a href="#[1e]">E_22</a> from test.o(MyCode) referenced from test.o(MyCode)
 <LI><a href="#[1f]">E_23</a> from test.o(MyCode) referenced from test.o(MyCode)
 <LI><a href="#[20]">E_24</a> from test.o(MyCode) referenced from test.o(MyCode)
 <LI><a href="#[21]">E_25</a> from test.o(MyCode) referenced from test.o(MyCode)
 <LI><a href="#[22]">E_26</a> from test.o(MyCode) referenced from test.o(MyCode)
 <LI><a href="#[23]">E_27</a> from test.o(MyCode) referenced from test.o(MyCode)
 <LI><a href="#[24]">E_28</a> from test.o(MyCode) referenced from test.o(MyCode)
 <LI><a href="#[25]">E_29</a> from test.o(MyCode) referenced from test.o(MyCode)
 <LI><a href="#[9]">E_3</a> from test.o(MyCode) referenced from test.o(MyCode)
 <LI><a href="#[26]">E_30</a> from test.o(MyCode) referenced from test.o(MyCode)
 <LI><a href="#[27]">E_31</a> from test.o(MyCode) referenced from test.o(MyCode)
 <LI><a href="#[28]">E_32</a> from test.o(MyCode) referenced from test.o(MyCode)
 <LI><a href="#[29]">E_33</a> from test.o(MyCode) referenced from test.o(MyCode)
 <LI><a href="#[2a]">E_34</a> from test.o(MyCode) referenced from test.o(MyCode)
 <LI><a href="#[2b]">E_35</a> from test.o(MyCode) referenced from test.o(MyCode)
 <LI><a href="#[2c]">E_36</a> from test.o(MyCode) referenced from test.o(MyCode)
 <LI><a href="#[2d]">E_37</a> from test.o(MyCode) referenced from test.o(MyCode)
 <LI><a href="#[2e]">E_38</a> from test.o(MyCode) referenced from test.o(MyCode)
 <LI><a href="#[2f]">E_39</a> from test.o(MyCode) referenced from test.o(MyCode)
 <LI><a href="#[a]">E_4</a> from test.o(MyCode) referenced from test.o(MyCode)
 <LI><a href="#[30]">E_40</a> from test.o(MyCode) referenced from test.o(MyCode)
 <LI><a href="#[31]">E_41</a> from test.o(MyCode) referenced from test.o(MyCode)
 <LI><a href="#[32]">E_42</a> from test.o(MyCode) referenced from test.o(MyCode)
 <LI><a href="#[33]">E_43</a> from test.o(MyCode) referenced from test.o(MyCode)
 <LI><a href="#[34]">E_44</a> from test.o(MyCode) referenced from test.o(MyCode)
 <LI><a href="#[35]">E_45</a> from test.o(MyCode) referenced from test.o(MyCode)
 <LI><a href="#[36]">E_46</a> from test.o(MyCode) referenced from test.o(MyCode)
 <LI><a href="#[37]">E_47</a> from test.o(MyCode) referenced from test.o(MyCode)
 <LI><a href="#[38]">E_48</a> from test.o(MyCode) referenced from test.o(MyCode)
 <LI><a href="#[39]">E_49</a> from test.o(MyCode) referenced from test.o(MyCode)
 <LI><a href="#[b]">E_5</a> from test.o(MyCode) referenced from test.o(MyCode)
 <LI><a href="#[3a]">E_50</a> from test.o(MyCode) referenced from test.o(MyCode)
 <LI><a href="#[3b]">E_51</a> from test.o(MyCode) referenced from test.o(MyCode)
 <LI><a href="#[3c]">E_52</a> from test.o(MyCode) referenced from test.o(MyCode)
 <LI><a href="#[3d]">E_53</a> from test.o(MyCode) referenced from test.o(MyCode)
 <LI><a href="#[3e]">E_54</a> from test.o(MyCode) referenced from test.o(MyCode)
 <LI><a href="#[3f]">E_55</a> from test.o(MyCode) referenced from test.o(MyCode)
 <LI><a href="#[40]">E_56</a> from test.o(MyCode) referenced from test.o(MyCode)
 <LI><a href="#[41]">E_57</a> from test.o(MyCode) referenced from test.o(MyCode)
 <LI><a href="#[42]">E_58</a> from test.o(MyCode) referenced from test.o(MyCode)
 <LI><a href="#[45]">E_59</a> from test.o(MyCode) referenced from test.o(MyCode)
 <LI><a href="#[d]">E_6</a> from test.o(MyCode) referenced from test.o(MyCode)
 <LI><a href="#[46]">E_60</a> from test.o(MyCode) referenced from test.o(MyCode)
 <LI><a href="#[47]">E_61</a> from test.o(MyCode) referenced from test.o(MyCode)
 <LI><a href="#[48]">E_62</a> from test.o(MyCode) referenced from test.o(MyCode)
 <LI><a href="#[4a]">E_63</a> from test.o(MyCode) referenced from test.o(MyCode)
 <LI><a href="#[4c]">E_64</a> from test.o(MyCode) referenced from test.o(MyCode)
 <LI><a href="#[4d]">E_65</a> from test.o(MyCode) referenced from test.o(MyCode)
 <LI><a href="#[4e]">E_66</a> from test.o(MyCode) referenced from test.o(MyCode)
 <LI><a href="#[5c]">E_67</a> from test.o(MyCode) referenced from test.o(MyCode)
 <LI><a href="#[5e]">E_68</a> from test.o(MyCode) referenced from test.o(MyCode)
 <LI><a href="#[5f]">E_69</a> from test.o(MyCode) referenced from test.o(MyCode)
 <LI><a href="#[e]">E_7</a> from test.o(MyCode) referenced from test.o(MyCode)
 <LI><a href="#[60]">E_70</a> from test.o(MyCode) referenced from test.o(MyCode)
 <LI><a href="#[61]">E_71</a> from test.o(MyCode) referenced from test.o(MyCode)
 <LI><a href="#[62]">E_72</a> from test.o(MyCode) referenced from test.o(MyCode)
 <LI><a href="#[63]">E_73</a> from test.o(MyCode) referenced from test.o(MyCode)
 <LI><a href="#[72]">E_74</a> from test.o(MyCode) referenced from test.o(MyCode)
 <LI><a href="#[73]">E_75</a> from test.o(MyCode) referenced from test.o(MyCode)
 <LI><a href="#[74]">E_76</a> from test.o(MyCode) referenced from test.o(MyCode)
 <LI><a href="#[75]">E_77</a> from test.o(MyCode) referenced from test.o(MyCode)
 <LI><a href="#[76]">E_78</a> from test.o(MyCode) referenced from test.o(MyCode)
 <LI><a href="#[78]">E_79</a> from test.o(MyCode) referenced from test.o(MyCode)
 <LI><a href="#[f]">E_8</a> from test.o(MyCode) referenced from test.o(MyCode)
 <LI><a href="#[7a]">E_80</a> from test.o(MyCode) referenced from test.o(MyCode)
 <LI><a href="#[7b]">E_81</a> from test.o(MyCode) referenced from test.o(MyCode)
 <LI><a href="#[8a]">E_82</a> from test.o(MyCode) referenced from test.o(MyCode)
 <LI><a href="#[8b]">E_83</a> from test.o(MyCode) referenced from test.o(MyCode)
 <LI><a href="#[8c]">E_84</a> from test.o(MyCode) referenced from test.o(MyCode)
 <LI><a href="#[8d]">E_85</a> from test.o(MyCode) referenced from test.o(MyCode)
 <LI><a href="#[8e]">E_86</a> from test.o(MyCode) referenced from test.o(MyCode)
 <LI><a href="#[8f]">E_87</a> from test.o(MyCode) referenced from test.o(MyCode)
 <LI><a href="#[9c]">E_88</a> from test.o(MyCode) referenced from test.o(MyCode)
 <LI><a href="#[9d]">E_89</a> from test.o(MyCode) referenced from test.o(MyCode)
 <LI><a href="#[10]">E_9</a> from test.o(MyCode) referenced from test.o(MyCode)
 <LI><a href="#[9e]">E_90</a> from test.o(MyCode) referenced from test.o(MyCode)
 <LI><a href="#[9f]">E_91</a> from test.o(MyCode) referenced from test.o(MyCode)
 <LI><a href="#[a0]">E_92</a> from test.o(MyCode) referenced from test.o(MyCode)
 <LI><a href="#[a1]">E_93</a> from test.o(MyCode) referenced from test.o(MyCode)
 <LI><a href="#[a2]">E_94</a> from test.o(MyCode) referenced from test.o(MyCode)
 <LI><a href="#[b1]">E_95</a> from test.o(MyCode) referenced from test.o(MyCode)
 <LI><a href="#[b2]">E_96</a> from test.o(MyCode) referenced from test.o(MyCode)
 <LI><a href="#[b3]">E_97</a> from test.o(MyCode) referenced from test.o(MyCode)
 <LI><a href="#[b4]">E_98</a> from test.o(MyCode) referenced from test.o(MyCode)
 <LI><a href="#[b5]">E_99</a> from test.o(MyCode) referenced from test.o(MyCode)
 <LI><a href="#[3]">End_OF</a> from test.o(MyCode) referenced 10 times from test.o(MyCode)
 <LI><a href="#[5]">End_UF</a> from test.o(MyCode) referenced 10 times from test.o(MyCode)
 <LI><a href="#[2]">HardFault_Handler</a> from hardfault_lcd.o(HardFaultLCD) referenced from test.o(RESET)
 <LI><a href="#[e5]">Reset_Handler</a> from test.o(MyCode) referenced from test.o(RESET)
 <LI><a href="#[8]">W_0</a> from test.o(MyCode) referenced from test.o(MyCode)
 <LI><a href="#[c]">W_1</a> from test.o(MyCode) referenced from test.o(MyCode)
 <LI><a href="#[d2]">W_10</a> from test.o(MyCode) referenced from test.o(MyCode)
 <LI><a href="#[c2]">W_100</a> from test.o(MyCode) referenced from test.o(MyCode)
 <LI><a href="#[c7]">W_101</a> from test.o(MyCode) referenced from test.o(MyCode)
 <LI><a href="#[cb]">W_102</a> from test.o(MyCode) referenced from test.o(MyCode)
 <LI><a href="#[cd]">W_103</a> from test.o(MyCode) referenced from test.o(MyCode)
 <LI><a href="#[cf]">W_104</a> from test.o(MyCode) referenced from test.o(MyCode)
 <LI><a href="#[d1]">W_105</a> from test.o(MyCode) referenced from test.o(MyCode)
 <LI><a href="#[d3]">W_106</a> from test.o(MyCode) referenced from test.o(MyCode)
 <LI><a href="#[d9]">W_107</a> from test.o(MyCode) referenced from test.o(MyCode)
 <LI><a href="#[dc]">W_108</a> from test.o(MyCode) referenced from test.o(MyCode)
 <LI><a href="#[de]">W_109</a> from test.o(MyCode) referenced from test.o(MyCode)
 <LI><a href="#[d0]">W_11</a> from test.o(MyCode) referenced from test.o(MyCode)
 <LI><a href="#[e0]">W_110</a> from test.o(MyCode) referenced from test.o(MyCode)
 <LI><a href="#[e2]">W_111</a> from test.o(MyCode) referenced from test.o(MyCode)
 <LI><a href="#[ce]">W_12</a> from test.o(MyCode) referenced from test.o(MyCode)
 <LI><a href="#[cc]">W_13</a> from test.o(MyCode) referenced from test.o(MyCode)
 <LI><a href="#[c9]">W_14</a> from test.o(MyCode) referenced from test.o(MyCode)
 <LI><a href="#[c3]">W_15</a> from test.o(MyCode) referenced from test.o(MyCode)
 <LI><a href="#[c1]">W_16</a> from test.o(MyCode) referenced from test.o(MyCode)
 <LI><a href="#[bf]">W_17</a> from test.o(MyCode) referenced from test.o(MyCode)
 <LI><a href="#[bd]">W_18</a> from test.o(MyCode) referenced from test.o(MyCode)
 <LI><a href="#[bb]">W_19</a> from test.o(MyCode) referenced from test.o(MyCode)
 <LI><a href="#[11]">W_2</a> from test.o(MyCode) referenced from test.o(MyCode)
 <LI><a href="#[b8]">W_20</a> from test.o(MyCode) referenced from test.o(MyCode)
 <LI><a href="#[b0]">W_21</a> from test.o(MyCode) referenced from test.o(MyCode)
 <LI><a href="#[ae]">W_22</a> from test.o(MyCode) referenced from test.o(MyCode)
 <LI><a href="#[ac]">W_23</a> from test.o(MyCode) referenced from test.o(MyCode)
 <LI><a href="#[aa]">W_24</a> from test.o(MyCode) referenced from test.o(MyCode)
 <LI><a href="#[a8]">W_25</a> from test.o(MyCode) referenced from test.o(MyCode)
 <LI><a href="#[a6]">W_26</a> from test.o(MyCode) referenced from test.o(MyCode)
 <LI><a href="#[a4]">W_27</a> from test.o(MyCode) referenced from test.o(MyCode)
 <LI><a href="#[9b]">W_28</a> from test.o(MyCode) referenced from test.o(MyCode)
 <LI><a href="#[99]">W_29</a> from test.o(MyCode) referenced from test.o(MyCode)
 <LI><a href="#[e4]">W_3</a> from test.o(MyCode) referenced from test.o(MyCode)
 <LI><a href="#[97]">W_30</a> from test.o(MyCode) referenced from test.o(MyCode)
 <LI><a href="#[95]">W_31</a> from test.o(MyCode) referenced from test.o(MyCode)
 <LI><a href="#[93]">W_32</a> from test.o(MyCode) referenced from test.o(MyCode)
 <LI><a href="#[91]">W_33</a> from test.o(MyCode) referenced from test.o(MyCode)
 <LI><a href="#[89]">W_34</a> from test.o(MyCode) referenced from test.o(MyCode)
 <LI><a href="#[87]">W_35</a> from test.o(MyCode) referenced from test.o(MyCode)
 <LI><a href="#[85]">W_36</a> from test.o(MyCode) referenced from test.o(MyCode)
 <LI><a href="#[83]">W_37</a> from test.o(MyCode) referenced from test.o(MyCode)
 <LI><a href="#[81]">W_38</a> from test.o(MyCode) referenced from test.o(MyCode)
 <LI><a href="#[7f]">W_39</a> from test.o(MyCode) referenced from test.o(MyCode)
 <LI><a href="#[e3]">W_4</a> from test.o(MyCode) referenced from test.o(MyCode)
 <LI><a href="#[7d]">W_40</a> from test.o(MyCode) referenced from test.o(MyCode)
 <LI><a href="#[79]">W_41</a> from test.o(MyCode) referenced from test.o(MyCode)
 <LI><a href="#[71]">W_42</a> from test.o(MyCode) referenced from test.o(MyCode)
 <LI><a href="#[6f]">W_43</a> from test.o(MyCode) referenced from test.o(MyCode)
 <LI><a href="#[6d]">W_44</a> from test.o(MyCode) referenced from test.o(MyCode)
 <LI><a href="#[6b]">W_45</a> from test.o(MyCode) referenced from test.o(MyCode)
 <LI><a href="#[69]">W_46</a> from test.o(MyCode) referenced from test.o(MyCode)
 <LI><a href="#[67]">W_47</a> from test.o(MyCode) referenced from test.o(MyCode)
 <LI><a href="#[65]">W_48</a> from test.o(MyCode) referenced from test.o(MyCode)
 <LI><a href="#[5d]">W_49</a> from test.o(MyCode) referenced from test.o(MyCode)
 <LI><a href="#[e1]">W_5</a> from test.o(MyCode) referenced from test.o(MyCode)
 <LI><a href="#[5a]">W_50</a> from test.o(MyCode) referenced from test.o(MyCode)
 <LI><a href="#[58]">W_51</a> from test.o(MyCode) referenced from test.o(MyCode)
 <LI><a href="#[56]">W_52</a> from test.o(MyCode) referenced from test.o(MyCode)
 <LI><a href="#[54]">W_53</a> from test.o(MyCode) referenced from test.o(MyCode)
 <LI><a href="#[52]">W_54</a> from test.o(MyCode) referenced from test.o(MyCode)
 <LI><a href="#[50]">W_55</a> from test.o(MyCode) referenced from test.o(MyCode)
 <LI><a href="#[4b]">W_56</a> from test.o(MyCode) referenced from test.o(MyCode)
 <LI><a href="#[44]">W_57</a> from test.o(MyCode) referenced from test.o(MyCode)
 <LI><a href="#[43]">W_58</a> from test.o(MyCode) referenced from test.o(MyCode)
 <LI><a href="#[49]">W_59</a> from test.o(MyCode) referenced from test.o(MyCode)
 <LI><a href="#[df]">W_6</a> from test.o(MyCode) referenced from test.o(MyCode)
 <LI><a href="#[4f]">W_60</a> from test.o(MyCode) referenced from test.o(MyCode)
 <LI><a href="#[51]">W_61</a> from test.o(MyCode) referenced from test.o(MyCode)
 <LI><a href="#[53]">W_62</a> from test.o(MyCode) referenced from test.o(MyCode)
 <LI><a href="#[55]">W_63</a> from test.o(MyCode) referenced from test.o(MyCode)
 <LI><a href="#[57]">W_64</a> from test.o(MyCode) referenced from test.o(MyCode)
 <LI><a href="#[59]">W_65</a> from test.o(MyCode) referenced from test.o(MyCode)
 <LI><a href="#[5b]">W_66</a> from test.o(MyCode) referenced from test.o(MyCode)
 <LI><a href="#[64]">W_67</a> from test.o(MyCode) referenced from test.o(MyCode)
 <LI><a href="#[66]">W_68</a> from test.o(MyCode) referenced from test.o(MyCode)
 <LI><a href="#[68]">W_69</a> from test.o(MyCode) referenced from test.o(MyCode)
 <LI><a href="#[dd]">W_7</a> from test.o(MyCode) referenced from test.o(MyCode)
 <LI><a href="#[6a]">W_70</a> from test.o(MyCode) referenced from test.o(MyCode)
 <LI><a href="#[6c]">W_71</a> from test.o(MyCode) referenced from test.o(MyCode)
 <LI><a href="#[6e]">W_72</a> from test.o(MyCode) referenced from test.o(MyCode)
 <LI><a href="#[70]">W_73</a> from test.o(MyCode) referenced from test.o(MyCode)
 <LI><a href="#[77]">W_74</a> from test.o(MyCode) referenced from test.o(MyCode)
 <LI><a href="#[7c]">W_75</a> from test.o(MyCode) referenced from test.o(MyCode)
 <LI><a href="#[7e]">W_76</a> from test.o(MyCode) referenced from test.o(MyCode)
 <LI><a href="#[80]">W_77</a> from test.o(MyCode) referenced from test.o(MyCode)
 <LI><a href="#[82]">W_78</a> from test.o(MyCode) referenced from test.o(MyCode)
 <LI><a href="#[84]">W_79</a> from test.o(MyCode) referenced from test.o(MyCode)
 <LI><a href="#[db]">W_8</a> from test.o(MyCode) referenced from test.o(MyCode)
 <LI><a href="#[86]">W_80</a> from test.o(MyCode) referenced from test.o(MyCode)
 <LI><a href="#[88]">W_81</a> from test.o(MyCode) referenced from test.o(MyCode)
 <LI><a href="#[90]">W_82</a> from test.o(MyCode) referenced from test.o(MyCode)
 <LI><a href="#[92]">W_83</a> from test.o(MyCode) referenced from test.o(MyCode)
 <LI><a href="#[94]">W_84</a> from test.o(MyCode) referenced from test.o(MyCode)
 <LI><a href="#[96]">W_85</a> from test.o(MyCode) referenced from test.o(MyCode)
 <LI><a href="#[98]">W_86</a> from test.o(MyCode) referenced from test.o(MyCode)
 <LI><a href="#[9a]">W_87</a> from test.o(MyCode) referenced from test.o(MyCode)
 <LI><a href="#[a3]">W_88</a> from test.o(MyCode) referenced from test.o(MyCode)
 <LI><a href="#[a5]">W_89</a> from test.o(MyCode) referenced from test.o(MyCode)
 <LI><a href="#[d4]">W_9</a> from test.o(MyCode) referenced from test.o(MyCode)
 <LI><a href="#[a7]">W_90</a> from test.o(MyCode) referenced from test.o(MyCode)
 <LI><a href="#[a9]">W_91</a> from test.o(MyCode) referenced from test.o(MyCode)
 <LI><a href="#[ab]">W_92</a> from test.o(MyCode) referenced from test.o(MyCode)
 <LI><a href="#[ad]">W_93</a> from test.o(MyCode) referenced from test.o(MyCode)
 <LI><a href="#[af]">W_94</a> from test.o(MyCode) referenced from test.o(MyCode)
 <LI><a href="#[b6]">W_95</a> from test.o(MyCode) referenced from test.o(MyCode)
 <LI><a href="#[ba]">W_96</a> from test.o(MyCode) referenced from test.o(MyCode)
 <LI><a href="#[bc]">W_97</a> from test.o(MyCode) referenced from test.o(MyCode)
 <LI><a href="#[be]">W_98</a> from test.o(MyCode) referenced from test.o(MyCode)
 <LI><a href="#[c0]">W_99</a> from test.o(MyCode) referenced from test.o(MyCode)
</UL>
<P>
<H3>
Global Symbols
</H3>
<P><STRONG><a name="[2]"></a>HardFault_Handler</STRONG> (Thumb, 16 bytes, Stack size 0 bytes, hardfault_lcd.o(HardFaultLCD))
<BR><BR>[Calls]<UL><LI><a href="#[ec]">&gt;&gt;</a>&nbsp;&nbsp;&nbsp;LCD_PutHex
<LI><a href="#[eb]">&gt;&gt;</a>&nbsp;&nbsp;&nbsp;InitLCD
</UL>
<BR>[Address Reference Count : 1]<UL><LI> test.o(RESET)
</UL>
<P><STRONG><a name="[eb]"></a>InitLCD</STRONG> (Thumb, 124 bytes, Stack size 0 bytes, hardfault_lcd.o(HardFaultLCD))
<BR><BR>[Called By]<UL><LI><a href="#[2]">&gt;&gt;</a>&nbsp;&nbsp;&nbsp;HardFault_Handler
</UL>

<P><STRONG><a name="[ec]"></a>LCD_PutHex</STRONG> (Thumb, 44 bytes, Stack size 0 bytes, hardfault_lcd.o(HardFaultLCD))
<BR><BR>[Called By]<UL><LI><a href="#[2]">&gt;&gt;</a>&nbsp;&nbsp;&nbsp;HardFault_Handler
</UL>

<P><STRONG><a name="[ed]"></a>Startup</STRONG> (Thumb, 14 bytes, Stack size 0 bytes, start.o(Start))
<BR><BR>[Calls]<UL><LI><a href="#[ef]">&gt;&gt;</a>&nbsp;&nbsp;&nbsp;SetClock48MHz
<LI><a href="#[ee]">&gt;&gt;</a>&nbsp;&nbsp;&nbsp;SystemInit
</UL>
<BR>[Called By]<UL><LI><a href="#[e5]">&gt;&gt;</a>&nbsp;&nbsp;&nbsp;Reset_Handler
</UL>

<P><STRONG><a name="[1]"></a>Dummy_Handler</STRONG> (Thumb, 2 bytes, Stack size 0 bytes, start.o(Start))
<BR><BR>[Calls]<UL><LI><a href="#[1]">&gt;&gt;</a>&nbsp;&nbsp;&nbsp;Dummy_Handler
</UL>
<BR>[Called By]<UL><LI><a href="#[1]">&gt;&gt;</a>&nbsp;&nbsp;&nbsp;Dummy_Handler
</UL>
<BR>[Address Reference Count : 1]<UL><LI> test.o(RESET)
</UL>
<P><STRONG><a name="[e5]"></a>Reset_Handler</STRONG> (Thumb, 10110 bytes, Stack size 0 bytes, test.o(MyCode))
<BR><BR>[Calls]<UL><LI><a href="#[ed]">&gt;&gt;</a>&nbsp;&nbsp;&nbsp;Startup
<LI><a href="#[ea]">&gt;&gt;</a>&nbsp;&nbsp;&nbsp;PutChar
<LI><a href="#[e9]">&gt;&gt;</a>&nbsp;&nbsp;&nbsp;Init_UART0_Polling
<LI><a href="#[e8]">&gt;&gt;</a>&nbsp;&nbsp;&nbsp;PutStringSB
<LI><a href="#[e7]">&gt;&gt;</a>&nbsp;&nbsp;&nbsp;GetChar
<LI><a href="#[e6]">&gt;&gt;</a>&nbsp;&nbsp;&nbsp;Clear_Mem
</UL>

<P><STRONG><a name="[e9]"></a>Init_UART0_Polling</STRONG> (Thumb, 108 bytes, Stack size 0 bytes, test.o(MyCode))
<BR><BR>[Called By]<UL><LI><a href="#[e5]">&gt;&gt;</a>&nbsp;&nbsp;&nbsp;Reset_Handler
</UL>

<P><STRONG><a name="[ea]"></a>PutChar</STRONG> (Thumb, 18 bytes, Stack size 0 bytes, test.o(MyCode))
<BR><BR>[Called By]<UL><LI><a href="#[e5]">&gt;&gt;</a>&nbsp;&nbsp;&nbsp;Reset_Handler
<LI><a href="#[e8]">&gt;&gt;</a>&nbsp;&nbsp;&nbsp;PutStringSB
</UL>
<P>
<H3>
Local Symbols
</H3>
<P><STRONG><a name="[8]"></a>W_0</STRONG> (Thumb, 2 bytes, Stack size unknown bytes, test.o(MyCode))
<BR>[Address Reference Count : 1]<UL><LI> test.o(MyCode)
</UL>
<P><STRONG><a name="[4]"></a>E_0</STRONG> (Thumb, 2 bytes, Stack size unknown bytes, test.o(MyCode))
<BR>[Address Reference Count : 1]<UL><LI> test.o(MyCode)
</UL>
<P><STRONG><a name="[c]"></a>W_1</STRONG> (Thumb, 2 bytes, Stack size unknown bytes, test.o(MyCode))
<BR>[Address Reference Count : 1]<UL><LI> test.o(MyCode)
</UL>
<P><STRONG><a name="[6]"></a>E_1</STRONG> (Thumb, 2 bytes, Stack size unknown bytes, test.o(MyCode))
<BR>[Address Reference Count : 1]<UL><LI> test.o(MyCode)
</UL>
<P><STRONG><a name="[11]"></a>W_2</STRONG> (Thumb, 2 bytes, Stack size unknown bytes, test.o(MyCode))
<BR>[Address Reference Count : 1]<UL><LI> test.o(MyCode)
</UL>
<P><STRONG><a name="[7]"></a>E_2</STRONG> (Thumb, 2 bytes, Stack size unknown bytes, test.o(MyCode))
<BR>[Address Reference Count : 1]<UL><LI> test.o(MyCode)
</UL>
<P><STRONG><a name="[e4]"></a>W_3</STRONG> (Thumb, 2 bytes, Stack size unknown bytes, test.o(MyCode))
<BR>[Address Reference Count : 1]<UL><LI> test.o(MyCode)
</UL>
<P><STRONG><a name="[e3]"></a>W_4</STRONG> (Thumb, 2 bytes, Stack size unknown bytes, test.o(MyCode))
<BR>[Address Reference Count : 1]<UL><LI> test.o(MyCode)
</UL>
<P><STRONG><a name="[e1]"></a>W_5</STRONG> (Thumb, 2 bytes, Stack size unknown bytes, test.o(MyCode))
<BR>[Address Reference Count : 1]<UL><LI> test.o(MyCode)
</UL>
<P><STRONG><a name="[df]"></a>W_6</STRONG> (Thumb, 2 bytes, Stack size unknown bytes, test.o(MyCode))
<BR>[Address Reference Count : 1]<UL><LI> test.o(MyCode)
</UL>
<P><STRONG><a name="[dd]"></a>W_7</STRONG> (Thumb, 2 bytes, Stack size unknown bytes, test.o(MyCode))
<BR>[Address Reference Count : 1]<UL><LI> test.o(MyCode)
</UL>
<P><STRONG><a name="[db]"></a>W_8</STRONG> (Thumb, 2 bytes, Stack size unknown bytes, test.o(MyCode))
<BR>[Address Reference Count : 1]<UL><LI> test.o(MyCode)
</UL>
<P><STRONG><a name="[d4]"></a>W_9</STRONG> (Thumb, 2 bytes, Stack size unknown bytes, test.o(MyCode))
<BR>[Address Reference Count : 1]<UL><LI> test.o(MyCode)
</UL>
<P><STRONG><a name="[d2]"></a>W_10</STRONG> (Thumb, 2 bytes, Stack size unknown bytes, test.o(MyCode))
<BR>[Address Reference Count : 1]<UL><LI> test.o(MyCode)
</UL>
<P><STRONG><a name="[d0]"></a>W_11</STRONG> (Thumb, 2 bytes, Stack size unknown bytes, test.o(MyCode))
<BR>[Address Reference Count : 1]<UL><LI> test.o(MyCode)
</UL>
<P><STRONG><a name="[ce]"></a>W_12</STRONG> (Thumb, 2 bytes, Stack size unknown bytes, test.o(MyCode))
<BR>[Address Reference Count : 1]<UL><LI> test.o(MyCode)
</UL>
<P><STRONG><a name="[cc]"></a>W_13</STRONG> (Thumb, 2 bytes, Stack size unknown bytes, test.o(MyCode))
<BR>[Address Reference Count : 1]<UL><LI> test.o(MyCode)
</UL>
<P><STRONG><a name="[c9]"></a>W_14</STRONG> (Thumb, 2 bytes, Stack size unknown bytes, test.o(MyCode))
<BR>[Address Reference Count : 1]<UL><LI> test.o(MyCode)
</UL>
<P><STRONG><a name="[c3]"></a>W_15</STRONG> (Thumb, 2 bytes, Stack size unknown bytes, test.o(MyCode))
<BR>[Address Reference Count : 1]<UL><LI> test.o(MyCode)
</UL>
<P><STRONG><a name="[c1]"></a>W_16</STRONG> (Thumb, 2 bytes, Stack size unknown bytes, test.o(MyCode))
<BR>[Address Reference Count : 1]<UL><LI> test.o(MyCode)
</UL>
<P><STRONG><a name="[bf]"></a>W_17</STRONG> (Thumb, 2 bytes, Stack size unknown bytes, test.o(MyCode))
<BR>[Address Reference Count : 1]<UL><LI> test.o(MyCode)
</UL>
<P><STRONG><a name="[bd]"></a>W_18</STRONG> (Thumb, 2 bytes, Stack size unknown bytes, test.o(MyCode))
<BR>[Address Reference Count : 1]<UL><LI> test.o(MyCode)
</UL>
<P><STRONG><a name="[bb]"></a>W_19</STRONG> (Thumb, 2 bytes, Stack size unknown bytes, test.o(MyCode))
<BR>[Address Reference Count : 1]<UL><LI> test.o(MyCode)
</UL>
<P><STRONG><a name="[b8]"></a>W_20</STRONG> (Thumb, 2 bytes, Stack size unknown bytes, test.o(MyCode))
<BR>[Address Reference Count : 1]<UL><LI> test.o(MyCode)
</UL>
<P><STRONG><a name="[b0]"></a>W_21</STRONG> (Thumb, 2 bytes, Stack size unknown bytes, test.o(MyCode))
<BR>[Address Reference Count : 1]<UL><LI> test.o(MyCode)
</UL>
<P><STRONG><a name="[ae]"></a>W_22</STRONG> (Thumb, 2 bytes, Stack size unknown bytes, test.o(MyCode))
<BR>[Address Reference Count : 1]<UL><LI> test.o(MyCode)
</UL>
<P><STRONG><a name="[ac]"></a>W_23</STRONG> (Thumb, 2 bytes, Stack size unknown bytes, test.o(MyCode))
<BR>[Address Reference Count : 1]<UL><LI> test.o(MyCode)
</UL>
<P><STRONG><a name="[aa]"></a>W_24</STRONG> (Thumb, 2 bytes, Stack size unknown bytes, test.o(MyCode))
<BR>[Address Reference Count : 1]<UL><LI> test.o(MyCode)
</UL>
<P><STRONG><a name="[a8]"></a>W_25</STRONG> (Thumb, 2 bytes, Stack size unknown bytes, test.o(MyCode))
<BR>[Address Reference Count : 1]<UL><LI> test.o(MyCode)
</UL>
<P><STRONG><a name="[a6]"></a>W_26</STRONG> (Thumb, 2 bytes, Stack size unknown bytes, test.o(MyCode))
<BR>[Address Reference Count : 1]<UL><LI> test.o(MyCode)
</UL>
<P><STRONG><a name="[a4]"></a>W_27</STRONG> (Thumb, 2 bytes, Stack size unknown bytes, test.o(MyCode))
<BR>[Address Reference Count : 1]<UL><LI> test.o(MyCode)
</UL>
<P><STRONG><a name="[9b]"></a>W_28</STRONG> (Thumb, 2 bytes, Stack size unknown bytes, test.o(MyCode))
<BR>[Address Reference Count : 1]<UL><LI> test.o(MyCode)
</UL>
<P><STRONG><a name="[99]"></a>W_29</STRONG> (Thumb, 2 bytes, Stack size unknown bytes, test.o(MyCode))
<BR>[Address Reference Count : 1]<UL><LI> test.o(MyCode)
</UL>
<P><STRONG><a name="[97]"></a>W_30</STRONG> (Thumb, 2 bytes, Stack size unknown bytes, test.o(MyCode))
<BR>[Address Reference Count : 1]<UL><LI> test.o(MyCode)
</UL>
<P><STRONG><a name="[95]"></a>W_31</STRONG> (Thumb, 2 bytes, Stack size unknown bytes, test.o(MyCode))
<BR>[Address Reference Count : 1]<UL><LI> test.o(MyCode)
</UL>
<P><STRONG><a name="[93]"></a>W_32</STRONG> (Thumb, 2 bytes, Stack size unknown bytes, test.o(MyCode))
<BR>[Address Reference Count : 1]<UL><LI> test.o(MyCode)
</UL>
<P><STRONG><a name="[91]"></a>W_33</STRONG> (Thumb, 2 bytes, Stack size unknown bytes, test.o(MyCode))
<BR>[Address Reference Count : 1]<UL><LI> test.o(MyCode)
</UL>
<P><STRONG><a name="[89]"></a>W_34</STRONG> (Thumb, 2 bytes, Stack size unknown bytes, test.o(MyCode))
<BR>[Address Reference Count : 1]<UL><LI> test.o(MyCode)
</UL>
<P><STRONG><a name="[87]"></a>W_35</STRONG> (Thumb, 2 bytes, Stack size unknown bytes, test.o(MyCode))
<BR>[Address Reference Count : 1]<UL><LI> test.o(MyCode)
</UL>
<P><STRONG><a name="[85]"></a>W_36</STRONG> (Thumb, 2 bytes, Stack size unknown bytes, test.o(MyCode))
<BR>[Address Reference Count : 1]<UL><LI> test.o(MyCode)
</UL>
<P><STRONG><a name="[83]"></a>W_37</STRONG> (Thumb, 2 bytes, Stack size unknown bytes, test.o(MyCode))
<BR>[Address Reference Count : 1]<UL><LI> test.o(MyCode)
</UL>
<P><STRONG><a name="[81]"></a>W_38</STRONG> (Thumb, 2 bytes, Stack size unknown bytes, test.o(MyCode))
<BR>[Address Reference Count : 1]<UL><LI> test.o(MyCode)
</UL>
<P><STRONG><a name="[7f]"></a>W_39</STRONG> (Thumb, 2 bytes, Stack size unknown bytes, test.o(MyCode))
<BR>[Address Reference Count : 1]<UL><LI> test.o(MyCode)
</UL>
<P><STRONG><a name="[7d]"></a>W_40</STRONG> (Thumb, 2 bytes, Stack size unknown bytes, test.o(MyCode))
<BR>[Address Reference Count : 1]<UL><LI> test.o(MyCode)
</UL>
<P><STRONG><a name="[79]"></a>W_41</STRONG> (Thumb, 2 bytes, Stack size unknown bytes, test.o(MyCode))
<BR>[Address Reference Count : 1]<UL><LI> test.o(MyCode)
</UL>
<P><STRONG><a name="[71]"></a>W_42</STRONG> (Thumb, 2 bytes, Stack size unknown bytes, test.o(MyCode))
<BR>[Address Reference Count : 1]<UL><LI> test.o(MyCode)
</UL>
<P><STRONG><a name="[6f]"></a>W_43</STRONG> (Thumb, 2 bytes, Stack size unknown bytes, test.o(MyCode))
<BR>[Address Reference Count : 1]<UL><LI> test.o(MyCode)
</UL>
<P><STRONG><a name="[6d]"></a>W_44</STRONG> (Thumb, 2 bytes, Stack size unknown bytes, test.o(MyCode))
<BR>[Address Reference Count : 1]<UL><LI> test.o(MyCode)
</UL>
<P><STRONG><a name="[6b]"></a>W_45</STRONG> (Thumb, 2 bytes, Stack size unknown bytes, test.o(MyCode))
<BR>[Address Reference Count : 1]<UL><LI> test.o(MyCode)
</UL>
<P><STRONG><a name="[69]"></a>W_46</STRONG> (Thumb, 2 bytes, Stack size unknown bytes, test.o(MyCode))
<BR>[Address Reference Count : 1]<UL><LI> test.o(MyCode)
</UL>
<P><STRONG><a name="[67]"></a>W_47</STRONG> (Thumb, 2 bytes, Stack size unknown bytes, test.o(MyCode))
<BR>[Address Reference Count : 1]<UL><LI> test.o(MyCode)
</UL>
<P><STRONG><a name="[65]"></a>W_48</STRONG> (Thumb, 2 bytes, Stack size unknown bytes, test.o(MyCode))
<BR>[Address Reference Count : 1]<UL><LI> test.o(MyCode)
</UL>
<P><STRONG><a name="[5d]"></a>W_49</STRONG> (Thumb, 2 bytes, Stack size unknown bytes, test.o(MyCode))
<BR>[Address Reference Count : 1]<UL><LI> test.o(MyCode)
</UL>
<P><STRONG><a name="[5a]"></a>W_50</STRONG> (Thumb, 2 bytes, Stack size unknown bytes, test.o(MyCode))
<BR>[Address Reference Count : 1]<UL><LI> test.o(MyCode)
</UL>
<P><STRONG><a name="[58]"></a>W_51</STRONG> (Thumb, 2 bytes, Stack size unknown bytes, test.o(MyCode))
<BR>[Address Reference Count : 1]<UL><LI> test.o(MyCode)
</UL>
<P><STRONG><a name="[56]"></a>W_52</STRONG> (Thumb, 2 bytes, Stack size unknown bytes, test.o(MyCode))
<BR>[Address Reference Count : 1]<UL><LI> test.o(MyCode)
</UL>
<P><STRONG><a name="[54]"></a>W_53</STRONG> (Thumb, 2 bytes, Stack size unknown bytes, test.o(MyCode))
<BR>[Address Reference Count : 1]<UL><LI> test.o(MyCode)
</UL>
<P><STRONG><a name="[52]"></a>W_54</STRONG> (Thumb, 2 bytes, Stack size unknown bytes, test.o(MyCode))
<BR>[Address Reference Count : 1]<UL><LI> test.o(MyCode)
</UL>
<P><STRONG><a name="[50]"></a>W_55</STRONG> (Thumb, 2 bytes, Stack size unknown bytes, test.o(MyCode))
<BR>[Address Reference Count : 1]<UL><LI> test.o(MyCode)
</UL>
<P><STRONG><a name="[4b]"></a>W_56</STRONG> (Thumb, 2 bytes, Stack size unknown bytes, test.o(MyCode))
<BR>[Address Reference Count : 1]<UL><LI> test.o(MyCode)
</UL>
<P><STRONG><a name="[44]"></a>W_57</STRONG> (Thumb, 2 bytes, Stack size unknown bytes, test.o(MyCode))
<BR>[Address Reference Count : 1]<UL><LI> test.o(MyCode)
</UL>
<P><STRONG><a name="[43]"></a>W_58</STRONG> (Thumb, 2 bytes, Stack size unknown bytes, test.o(MyCode))
<BR>[Address Reference Count : 1]<UL><LI> test.o(MyCode)
</UL>
<P><STRONG><a name="[42]"></a>E_58</STRONG> (Thumb, 2 bytes, Stack size unknown bytes, test.o(MyCode))
<BR>[Address Reference Count : 1]<UL><LI> test.o(MyCode)
</UL>
<P><STRONG><a name="[41]"></a>E_57</STRONG> (Thumb, 2 bytes, Stack size unknown bytes, test.o(MyCode))
<BR>[Address Reference Count : 1]<UL><LI> test.o(MyCode)
</UL>
<P><STRONG><a name="[49]"></a>W_59</STRONG> (Thumb, 2 bytes, Stack size unknown bytes, test.o(MyCode))
<BR>[Address Reference Count : 1]<UL><LI> test.o(MyCode)
</UL>
<P><STRONG><a name="[45]"></a>E_59</STRONG> (Thumb, 2 bytes, Stack size unknown bytes, test.o(MyCode))
<BR>[Address Reference Count : 1]<UL><LI> test.o(MyCode)
</UL>
<P><STRONG><a name="[40]"></a>E_56</STRONG> (Thumb, 2 bytes, Stack size unknown bytes, test.o(MyCode))
<BR>[Address Reference Count : 1]<UL><LI> test.o(MyCode)
</UL>
<P><STRONG><a name="[4f]"></a>W_60</STRONG> (Thumb, 2 bytes, Stack size unknown bytes, test.o(MyCode))
<BR>[Address Reference Count : 1]<UL><LI> test.o(MyCode)
</UL>
<P><STRONG><a name="[46]"></a>E_60</STRONG> (Thumb, 2 bytes, Stack size unknown bytes, test.o(MyCode))
<BR>[Address Reference Count : 1]<UL><LI> test.o(MyCode)
</UL>
<P><STRONG><a name="[3f]"></a>E_55</STRONG> (Thumb, 2 bytes, Stack size unknown bytes, test.o(MyCode))
<BR>[Address Reference Count : 1]<UL><LI> test.o(MyCode)
</UL>
<P><STRONG><a name="[51]"></a>W_61</STRONG> (Thumb, 2 bytes, Stack size unknown bytes, test.o(MyCode))
<BR>[Address Reference Count : 1]<UL><LI> test.o(MyCode)
</UL>
<P><STRONG><a name="[47]"></a>E_61</STRONG> (Thumb, 2 bytes, Stack size unknown bytes, test.o(MyCode))
<BR>[Address Reference Count : 1]<UL><LI> test.o(MyCode)
</UL>
<P><STRONG><a name="[3e]"></a>E_54</STRONG> (Thumb, 2 bytes, Stack size unknown bytes, test.o(MyCode))
<BR>[Address Reference Count : 1]<UL><LI> test.o(MyCode)
</UL>
<P><STRONG><a name="[53]"></a>W_62</STRONG> (Thumb, 2 bytes, Stack size unknown bytes, test.o(MyCode))
<BR>[Address Reference Count : 1]<UL><LI> test.o(MyCode)
</UL>
<P><STRONG><a name="[48]"></a>E_62</STRONG> (Thumb, 2 bytes, Stack size unknown bytes, test.o(MyCode))
<BR>[Address Reference Count : 1]<UL><LI> test.o(MyCode)
</UL>
<P><STRONG><a name="[3d]"></a>E_53</STRONG> (Thumb, 2 bytes, Stack size unknown bytes, test.o(MyCode))
<BR>[Address Reference Count : 1]<UL><LI> test.o(MyCode)
</UL>
<P><STRONG><a name="[55]"></a>W_63</STRONG> (Thumb, 2 bytes, Stack size unknown bytes, test.o(MyCode))
<BR>[Address Reference Count : 1]<UL><LI> test.o(MyCode)
</UL>
<P><STRONG><a name="[4a]"></a>E_63</STRONG> (Thumb, 2 bytes, Stack size unknown bytes, test.o(MyCode))
<BR>[Address Reference Count : 1]<UL><LI> test.o(MyCode)
</UL>
<P><STRONG><a name="[3c]"></a>E_52</STRONG> (Thumb, 2 bytes, Stack size unknown bytes, test.o(MyCode))
<BR>[Address Reference Count : 1]<UL><LI> test.o(MyCode)
</UL>
<P><STRONG><a name="[57]"></a>W_64</STRONG> (Thumb, 2 bytes, Stack size unknown bytes, test.o(MyCode))
<BR>[Address Reference Count : 1]<UL><LI> test.o(MyCode)
</UL>
<P><STRONG><a name="[4c]"></a>E_64</STRONG> (Thumb, 2 bytes, Stack size unknown bytes, test.o(MyCode))
<BR>[Address Reference Count : 1]<UL><LI> test.o(MyCode)
</UL>
<P><STRONG><a name="[3b]"></a>E_51</STRONG> (Thumb, 2 bytes, Stack size unknown bytes, test.o(MyCode))
<BR>[Address Reference Count : 1]<UL><LI> test.o(MyCode)
</UL>
<P><STRONG><a name="[59]"></a>W_65</STRONG> (Thumb, 2 bytes, Stack size unknown bytes, test.o(MyCode))
<BR>[Address Reference Count : 1]<UL><LI> test.o(MyCode)
</UL>
<P><STRONG><a name="[4d]"></a>E_65</STRONG> (Thumb, 2 bytes, Stack size unknown bytes, test.o(MyCode))
<BR>[Address Reference Count : 1]<UL><LI> test.o(MyCode)
</UL>
<P><STRONG><a name="[3a]"></a>E_50</STRONG> (Thumb, 2 bytes, Stack size unknown bytes, test.o(MyCode))
<BR>[Address Reference Count : 1]<UL><LI> test.o(MyCode)
</UL>
<P><STRONG><a name="[5b]"></a>W_66</STRONG> (Thumb, 2 bytes, Stack size unknown bytes, test.o(MyCode))
<BR>[Address Reference Count : 1]<UL><LI> test.o(MyCode)
</UL>
<P><STRONG><a name="[4e]"></a>E_66</STRONG> (Thumb, 2 bytes, Stack size unknown bytes, test.o(MyCode))
<BR>[Address Reference Count : 1]<UL><LI> test.o(MyCode)
</UL>
<P><STRONG><a name="[39]"></a>E_49</STRONG> (Thumb, 2 bytes, Stack size unknown bytes, test.o(MyCode))
<BR>[Address Reference Count : 1]<UL><LI> test.o(MyCode)
</UL>
<P><STRONG><a name="[64]"></a>W_67</STRONG> (Thumb, 2 bytes, Stack size unknown bytes, test.o(MyCode))
<BR>[Address Reference Count : 1]<UL><LI> test.o(MyCode)
</UL>
<P><STRONG><a name="[5c]"></a>E_67</STRONG> (Thumb, 2 bytes, Stack size unknown bytes, test.o(MyCode))
<BR>[Address Reference Count : 1]<UL><LI> test.o(MyCode)
</UL>
<P><STRONG><a name="[38]"></a>E_48</STRONG> (Thumb, 2 bytes, Stack size unknown bytes, test.o(MyCode))
<BR>[Address Reference Count : 1]<UL><LI> test.o(MyCode)
</UL>
<P><STRONG><a name="[66]"></a>W_68</STRONG> (Thumb, 2 bytes, Stack size unknown bytes, test.o(MyCode))
<BR>[Address Reference Count : 1]<UL><LI> test.o(MyCode)
</UL>
<P><STRONG><a name="[5e]"></a>E_68</STRONG> (Thumb, 2 bytes, Stack size unknown bytes, test.o(MyCode))
<BR>[Address Reference Count : 1]<UL><LI> test.o(MyCode)
</UL>
<P><STRONG><a name="[37]"></a>E_47</STRONG> (Thumb, 2 bytes, Stack size unknown bytes, test.o(MyCode))
<BR>[Address Reference Count : 1]<UL><LI> test.o(MyCode)
</UL>
<P><STRONG><a name="[68]"></a>W_69</STRONG> (Thumb, 2 bytes, Stack size unknown bytes, test.o(MyCode))
<BR>[Address Reference Count : 1]<UL><LI> test.o(MyCode)
</UL>
<P><STRONG><a name="[5f]"></a>E_69</STRONG> (Thumb, 2 bytes, Stack size unknown bytes, test.o(MyCode))
<BR>[Address Reference Count : 1]<UL><LI> test.o(MyCode)
</UL>
<P><STRONG><a name="[36]"></a>E_46</STRONG> (Thumb, 2 bytes, Stack size unknown bytes, test.o(MyCode))
<BR>[Address Reference Count : 1]<UL><LI> test.o(MyCode)
</UL>
<P><STRONG><a name="[6a]"></a>W_70</STRONG> (Thumb, 2 bytes, Stack size unknown bytes, test.o(MyCode))
<BR>[Address Reference Count : 1]<UL><LI> test.o(MyCode)
</UL>
<P><STRONG><a name="[60]"></a>E_70</STRONG> (Thumb, 2 bytes, Stack size unknown bytes, test.o(MyCode))
<BR>[Address Reference Count : 1]<UL><LI> test.o(MyCode)
</UL>
<P><STRONG><a name="[35]"></a>E_45</STRONG> (Thumb, 2 bytes, Stack size unknown bytes, test.o(MyCode))
<BR>[Address Reference Count : 1]<UL><LI> test.o(MyCode)
</UL>
<P><STRONG><a name="[6c]"></a>W_71</STRONG> (Thumb, 2 bytes, Stack size unknown bytes, test.o(MyCode))
<BR>[Address Reference Count : 1]<UL><LI> test.o(MyCode)
</UL>
<P><STRONG><a name="[61]"></a>E_71</STRONG> (Thumb, 2 bytes, Stack size unknown bytes, test.o(MyCode))
<BR>[Address Reference Count : 1]<UL><LI> test.o(MyCode)
</UL>
<P><STRONG><a name="[34]"></a>E_44</STRONG> (Thumb, 2 bytes, Stack size unknown bytes, test.o(MyCode))
<BR>[Address Reference Count : 1]<UL><LI> test.o(MyCode)
</UL>
<P><STRONG><a name="[6e]"></a>W_72</STRONG> (Thumb, 2 bytes, Stack size unknown bytes, test.o(MyCode))
<BR>[Address Reference Count : 1]<UL><LI> test.o(MyCode)
</UL>
<P><STRONG><a name="[62]"></a>E_72</STRONG> (Thumb, 2 bytes, Stack size unknown bytes, test.o(MyCode))
<BR>[Address Reference Count : 1]<UL><LI> test.o(MyCode)
</UL>
<P><STRONG><a name="[33]"></a>E_43</STRONG> (Thumb, 2 bytes, Stack size unknown bytes, test.o(MyCode))
<BR>[Address Reference Count : 1]<UL><LI> test.o(MyCode)
</UL>
<P><STRONG><a name="[70]"></a>W_73</STRONG> (Thumb, 2 bytes, Stack size unknown bytes, test.o(MyCode))
<BR>[Address Reference Count : 1]<UL><LI> test.o(MyCode)
</UL>
<P><STRONG><a name="[63]"></a>E_73</STRONG> (Thumb, 2 bytes, Stack size unknown bytes, test.o(MyCode))
<BR>[Address Reference Count : 1]<UL><LI> test.o(MyCode)
</UL>
<P><STRONG><a name="[32]"></a>E_42</STRONG> (Thumb, 2 bytes, Stack size unknown bytes, test.o(MyCode))
<BR>[Address Reference Count : 1]<UL><LI> test.o(MyCode)
</UL>
<P><STRONG><a name="[77]"></a>W_74</STRONG> (Thumb, 2 bytes, Stack size unknown bytes, test.o(MyCode))
<BR>[Address Reference Count : 1]<UL><LI> test.o(MyCode)
</UL>
<P><STRONG><a name="[72]"></a>E_74</STRONG> (Thumb, 2 bytes, Stack size unknown bytes, test.o(MyCode))
<BR>[Address Reference Count : 1]<UL><LI> test.o(MyCode)
</UL>
<P><STRONG><a name="[31]"></a>E_41</STRONG> (Thumb, 2 bytes, Stack size unknown bytes, test.o(MyCode))
<BR>[Address Reference Count : 1]<UL><LI> test.o(MyCode)
</UL>
<P><STRONG><a name="[7c]"></a>W_75</STRONG> (Thumb, 2 bytes, Stack size unknown bytes, test.o(MyCode))
<BR>[Address Reference Count : 1]<UL><LI> test.o(MyCode)
</UL>
<P><STRONG><a name="[73]"></a>E_75</STRONG> (Thumb, 2 bytes, Stack size unknown bytes, test.o(MyCode))
<BR>[Address Reference Count : 1]<UL><LI> test.o(MyCode)
</UL>
<P><STRONG><a name="[30]"></a>E_40</STRONG> (Thumb, 2 bytes, Stack size unknown bytes, test.o(MyCode))
<BR>[Address Reference Count : 1]<UL><LI> test.o(MyCode)
</UL>
<P><STRONG><a name="[7e]"></a>W_76</STRONG> (Thumb, 2 bytes, Stack size unknown bytes, test.o(MyCode))
<BR>[Address Reference Count : 1]<UL><LI> test.o(MyCode)
</UL>
<P><STRONG><a name="[74]"></a>E_76</STRONG> (Thumb, 2 bytes, Stack size unknown bytes, test.o(MyCode))
<BR>[Address Reference Count : 1]<UL><LI> test.o(MyCode)
</UL>
<P><STRONG><a name="[2f]"></a>E_39</STRONG> (Thumb, 2 bytes, Stack size unknown bytes, test.o(MyCode))
<BR>[Address Reference Count : 1]<UL><LI> test.o(MyCode)
</UL>
<P><STRONG><a name="[80]"></a>W_77</STRONG> (Thumb, 2 bytes, Stack size unknown bytes, test.o(MyCode))
<BR>[Address Reference Count : 1]<UL><LI> test.o(MyCode)
</UL>
<P><STRONG><a name="[75]"></a>E_77</STRONG> (Thumb, 2 bytes, Stack size unknown bytes, test.o(MyCode))
<BR>[Address Reference Count : 1]<UL><LI> test.o(MyCode)
</UL>
<P><STRONG><a name="[2e]"></a>E_38</STRONG> (Thumb, 2 bytes, Stack size unknown bytes, test.o(MyCode))
<BR>[Address Reference Count : 1]<UL><LI> test.o(MyCode)
</UL>
<P><STRONG><a name="[82]"></a>W_78</STRONG> (Thumb, 2 bytes, Stack size unknown bytes, test.o(MyCode))
<BR>[Address Reference Count : 1]<UL><LI> test.o(MyCode)
</UL>
<P><STRONG><a name="[76]"></a>E_78</STRONG> (Thumb, 2 bytes, Stack size unknown bytes, test.o(MyCode))
<BR>[Address Reference Count : 1]<UL><LI> test.o(MyCode)
</UL>
<P><STRONG><a name="[2d]"></a>E_37</STRONG> (Thumb, 2 bytes, Stack size unknown bytes, test.o(MyCode))
<BR>[Address Reference Count : 1]<UL><LI> test.o(MyCode)
</UL>
<P><STRONG><a name="[84]"></a>W_79</STRONG> (Thumb, 2 bytes, Stack size unknown bytes, test.o(MyCode))
<BR>[Address Reference Count : 1]<UL><LI> test.o(MyCode)
</UL>
<P><STRONG><a name="[78]"></a>E_79</STRONG> (Thumb, 2 bytes, Stack size unknown bytes, test.o(MyCode))
<BR>[Address Reference Count : 1]<UL><LI> test.o(MyCode)
</UL>
<P><STRONG><a name="[2c]"></a>E_36</STRONG> (Thumb, 2 bytes, Stack size unknown bytes, test.o(MyCode))
<BR>[Address Reference Count : 1]<UL><LI> test.o(MyCode)
</UL>
<P><STRONG><a name="[86]"></a>W_80</STRONG> (Thumb, 2 bytes, Stack size unknown bytes, test.o(MyCode))
<BR>[Address Reference Count : 1]<UL><LI> test.o(MyCode)
</UL>
<P><STRONG><a name="[7a]"></a>E_80</STRONG> (Thumb, 2 bytes, Stack size unknown bytes, test.o(MyCode))
<BR>[Address Reference Count : 1]<UL><LI> test.o(MyCode)
</UL>
<P><STRONG><a name="[2b]"></a>E_35</STRONG> (Thumb, 2 bytes, Stack size unknown bytes, test.o(MyCode))
<BR>[Address Reference Count : 1]<UL><LI> test.o(MyCode)
</UL>
<P><STRONG><a name="[88]"></a>W_81</STRONG> (Thumb, 2 bytes, Stack size unknown bytes, test.o(MyCode))
<BR>[Address Reference Count : 1]<UL><LI> test.o(MyCode)
</UL>
<P><STRONG><a name="[7b]"></a>E_81</STRONG> (Thumb, 2 bytes, Stack size unknown bytes, test.o(MyCode))
<BR>[Address Reference Count : 1]<UL><LI> test.o(MyCode)
</UL>
<P><STRONG><a name="[2a]"></a>E_34</STRONG> (Thumb, 2 bytes, Stack size unknown bytes, test.o(MyCode))
<BR>[Address Reference Count : 1]<UL><LI> test.o(MyCode)
</UL>
<P><STRONG><a name="[90]"></a>W_82</STRONG> (Thumb, 2 bytes, Stack size unknown bytes, test.o(MyCode))
<BR>[Address Reference Count : 1]<UL><LI> test.o(MyCode)
</UL>
<P><STRONG><a name="[8a]"></a>E_82</STRONG> (Thumb, 2 bytes, Stack size unknown bytes, test.o(MyCode))
<BR>[Address Reference Count : 1]<UL><LI> test.o(MyCode)
</UL>
<P><STRONG><a name="[29]"></a>E_33</STRONG> (Thumb, 2 bytes, Stack size unknown bytes, test.o(MyCode))
<BR>[Address Reference Count : 1]<UL><LI> test.o(MyCode)
</UL>
<P><STRONG><a name="[92]"></a>W_83</STRONG> (Thumb, 2 bytes, Stack size unknown bytes, test.o(MyCode))
<BR>[Address Reference Count : 1]<UL><LI> test.o(MyCode)
</UL>
<P><STRONG><a name="[8b]"></a>E_83</STRONG> (Thumb, 2 bytes, Stack size unknown bytes, test.o(MyCode))
<BR>[Address Reference Count : 1]<UL><LI> test.o(MyCode)
</UL>
<P><STRONG><a name="[28]"></a>E_32</STRONG> (Thumb, 2 bytes, Stack size unknown bytes, test.o(MyCode))
<BR>[Address Reference Count : 1]<UL><LI> test.o(MyCode)
</UL>
<P><STRONG><a name="[94]"></a>W_84</STRONG> (Thumb, 2 bytes, Stack size unknown bytes, test.o(MyCode))
<BR>[Address Reference Count : 1]<UL><LI> test.o(MyCode)
</UL>
<P><STRONG><a name="[8c]"></a>E_84</STRONG> (Thumb, 2 bytes, Stack size unknown bytes, test.o(MyCode))
<BR>[Address Reference Count : 1]<UL><LI> test.o(MyCode)
</UL>
<P><STRONG><a name="[27]"></a>E_31</STRONG> (Thumb, 2 bytes, Stack size unknown bytes, test.o(MyCode))
<BR>[Address Reference Count : 1]<UL><LI> test.o(MyCode)
</UL>
<P><STRONG><a name="[96]"></a>W_85</STRONG> (Thumb, 2 bytes, Stack size unknown bytes, test.o(MyCode))
<BR>[Address Reference Count : 1]<UL><LI> test.o(MyCode)
</UL>
<P><STRONG><a name="[8d]"></a>E_85</STRONG> (Thumb, 2 bytes, Stack size unknown bytes, test.o(MyCode))
<BR>[Address Reference Count : 1]<UL><LI> test.o(MyCode)
</UL>
<P><STRONG><a name="[26]"></a>E_30</STRONG> (Thumb, 2 bytes, Stack size unknown bytes, test.o(MyCode))
<BR>[Address Reference Count : 1]<UL><LI> test.o(MyCode)
</UL>
<P><STRONG><a name="[98]"></a>W_86</STRONG> (Thumb, 2 bytes, Stack size unknown bytes, test.o(MyCode))
<BR>[Address Reference Count : 1]<UL><LI> test.o(MyCode)
</UL>
<P><STRONG><a name="[8e]"></a>E_86</STRONG> (Thumb, 2 bytes, Stack size unknown bytes, test.o(MyCode))
<BR>[Address Reference Count : 1]<UL><LI> test.o(MyCode)
</UL>
<P><STRONG><a name="[25]"></a>E_29</STRONG> (Thumb, 2 bytes, Stack size unknown bytes, test.o(MyCode))
<BR>[Address Reference Count : 1]<UL><LI> test.o(MyCode)
</UL>
<P><STRONG><a name="[9a]"></a>W_87</STRONG> (Thumb, 2 bytes, Stack size unknown bytes, test.o(MyCode))
<BR>[Address Reference Count : 1]<UL><LI> test.o(MyCode)
</UL>
<P><STRONG><a name="[8f]"></a>E_87</STRONG> (Thumb, 2 bytes, Stack size unknown bytes, test.o(MyCode))
<BR>[Address Reference Count : 1]<UL><LI> test.o(MyCode)
</UL>
<P><STRONG><a name="[24]"></a>E_28</STRONG> (Thumb, 2 bytes, Stack size unknown bytes, test.o(MyCode))
<BR>[Address Reference Count : 1]<UL><LI> test.o(MyCode)
</UL>
<P><STRONG><a name="[a3]"></a>W_88</STRONG> (Thumb, 2 bytes, Stack size unknown bytes, test.o(MyCode))
<BR>[Address Reference Count : 1]<UL><LI> test.o(MyCode)
</UL>
<P><STRONG><a name="[9c]"></a>E_88</STRONG> (Thumb, 2 bytes, Stack size unknown bytes, test.o(MyCode))
<BR>[Address Reference Count : 1]<UL><LI> test.o(MyCode)
</UL>
<P><STRONG><a name="[23]"></a>E_27</STRONG> (Thumb, 2 bytes, Stack size unknown bytes, test.o(MyCode))
<BR>[Address Reference Count : 1]<UL><LI> test.o(MyCode)
</UL>
<P><STRONG><a name="[a5]"></a>W_89</STRONG> (Thumb, 2 bytes, Stack size unknown bytes, test.o(MyCode))
<BR>[Address Reference Count : 1]<UL><LI> test.o(MyCode)
</UL>
<P><STRONG><a name="[9d]"></a>E_89</STRONG> (Thumb, 2 bytes, Stack size unknown bytes, test.o(MyCode))
<BR>[Address Reference Count : 1]<UL><LI> test.o(MyCode)
</UL>
<P><STRONG><a name="[22]"></a>E_26</STRONG> (Thumb, 2 bytes, Stack size unknown bytes, test.o(MyCode))
<BR>[Address Reference Count : 1]<UL><LI> test.o(MyCode)
</UL>
<P><STRONG><a name="[a7]"></a>W_90</STRONG> (Thumb, 2 bytes, Stack size unknown bytes, test.o(MyCode))
<BR>[Address Reference Count : 1]<UL><LI> test.o(MyCode)
</UL>
<P><STRONG><a name="[9e]"></a>E_90</STRONG> (Thumb, 2 bytes, Stack size unknown bytes, test.o(MyCode))
<BR>[Address Reference Count : 1]<UL><LI> test.o(MyCode)
</UL>
<P><STRONG><a name="[21]"></a>E_25</STRONG> (Thumb, 2 bytes, Stack size unknown bytes, test.o(MyCode))
<BR>[Address Reference Count : 1]<UL><LI> test.o(MyCode)
</UL>
<P><STRONG><a name="[a9]"></a>W_91</STRONG> (Thumb, 2 bytes, Stack size unknown bytes, test.o(MyCode))
<BR>[Address Reference Count : 1]<UL><LI> test.o(MyCode)
</UL>
<P><STRONG><a name="[9f]"></a>E_91</STRONG> (Thumb, 2 bytes, Stack size unknown bytes, test.o(MyCode))
<BR>[Address Reference Count : 1]<UL><LI> test.o(MyCode)
</UL>
<P><STRONG><a name="[20]"></a>E_24</STRONG> (Thumb, 2 bytes, Stack size unknown bytes, test.o(MyCode))
<BR>[Address Reference Count : 1]<UL><LI> test.o(MyCode)
</UL>
<P><STRONG><a name="[ab]"></a>W_92</STRONG> (Thumb, 2 bytes, Stack size unknown bytes, test.o(MyCode))
<BR>[Address Reference Count : 1]<UL><LI> test.o(MyCode)
</UL>
<P><STRONG><a name="[a0]"></a>E_92</STRONG> (Thumb, 2 bytes, Stack size unknown bytes, test.o(MyCode))
<BR>[Address Reference Count : 1]<UL><LI> test.o(MyCode)
</UL>
<P><STRONG><a name="[1f]"></a>E_23</STRONG> (Thumb, 2 bytes, Stack size unknown bytes, test.o(MyCode))
<BR>[Address Reference Count : 1]<UL><LI> test.o(MyCode)
</UL>
<P><STRONG><a name="[ad]"></a>W_93</STRONG> (Thumb, 2 bytes, Stack size unknown bytes, test.o(MyCode))
<BR>[Address Reference Count : 1]<UL><LI> test.o(MyCode)
</UL>
<P><STRONG><a name="[a1]"></a>E_93</STRONG> (Thumb, 2 bytes, Stack size unknown bytes, test.o(MyCode))
<BR>[Address Reference Count : 1]<UL><LI> test.o(MyCode)
</UL>
<P><STRONG><a name="[1e]"></a>E_22</STRONG> (Thumb, 2 bytes, Stack size unknown bytes, test.o(MyCode))
<BR>[Address Reference Count : 1]<UL><LI> test.o(MyCode)
</UL>
<P><STRONG><a name="[af]"></a>W_94</STRONG> (Thumb, 2 bytes, Stack size unknown bytes, test.o(MyCode))
<BR>[Address Reference Count : 1]<UL><LI> test.o(MyCode)
</UL>
<P><STRONG><a name="[a2]"></a>E_94</STRONG> (Thumb, 2 bytes, Stack size unknown bytes, test.o(MyCode))
<BR>[Address Reference Count : 1]<UL><LI> test.o(MyCode)
</UL>
<P><STRONG><a name="[1d]"></a>E_21</STRONG> (Thumb, 2 bytes, Stack size unknown bytes, test.o(MyCode))
<BR>[Address Reference Count : 1]<UL><LI> test.o(MyCode)
</UL>
<P><STRONG><a name="[b6]"></a>W_95</STRONG> (Thumb, 2 bytes, Stack size unknown bytes, test.o(MyCode))
<BR>[Address Reference Count : 1]<UL><LI> test.o(MyCode)
</UL>
<P><STRONG><a name="[b1]"></a>E_95</STRONG> (Thumb, 2 bytes, Stack size unknown bytes, test.o(MyCode))
<BR>[Address Reference Count : 1]<UL><LI> test.o(MyCode)
</UL>
<P><STRONG><a name="[1c]"></a>E_20</STRONG> (Thumb, 2 bytes, Stack size unknown bytes, test.o(MyCode))
<BR>[Address Reference Count : 1]<UL><LI> test.o(MyCode)
</UL>
<P><STRONG><a name="[ba]"></a>W_96</STRONG> (Thumb, 2 bytes, Stack size unknown bytes, test.o(MyCode))
<BR>[Address Reference Count : 1]<UL><LI> test.o(MyCode)
</UL>
<P><STRONG><a name="[b2]"></a>E_96</STRONG> (Thumb, 2 bytes, Stack size unknown bytes, test.o(MyCode))
<BR>[Address Reference Count : 1]<UL><LI> test.o(MyCode)
</UL>
<P><STRONG><a name="[1b]"></a>E_19</STRONG> (Thumb, 2 bytes, Stack size unknown bytes, test.o(MyCode))
<BR>[Address Reference Count : 1]<UL><LI> test.o(MyCode)
</UL>
<P><STRONG><a name="[bc]"></a>W_97</STRONG> (Thumb, 2 bytes, Stack size unknown bytes, test.o(MyCode))
<BR>[Address Reference Count : 1]<UL><LI> test.o(MyCode)
</UL>
<P><STRONG><a name="[b3]"></a>E_97</STRONG> (Thumb, 2 bytes, Stack size unknown bytes, test.o(MyCode))
<BR>[Address Reference Count : 1]<UL><LI> test.o(MyCode)
</UL>
<P><STRONG><a name="[1a]"></a>E_18</STRONG> (Thumb, 2 bytes, Stack size unknown bytes, test.o(MyCode))
<BR>[Address Reference Count : 1]<UL><LI> test.o(MyCode)
</UL>
<P><STRONG><a name="[be]"></a>W_98</STRONG> (Thumb, 2 bytes, Stack size unknown bytes, test.o(MyCode))
<BR>[Address Reference Count : 1]<UL><LI> test.o(MyCode)
</UL>
<P><STRONG><a name="[b4]"></a>E_98</STRONG> (Thumb, 2 bytes, Stack size unknown bytes, test.o(MyCode))
<BR>[Address Reference Count : 1]<UL><LI> test.o(MyCode)
</UL>
<P><STRONG><a name="[19]"></a>E_17</STRONG> (Thumb, 2 bytes, Stack size unknown bytes, test.o(MyCode))
<BR>[Address Reference Count : 1]<UL><LI> test.o(MyCode)
</UL>
<P><STRONG><a name="[c0]"></a>W_99</STRONG> (Thumb, 2 bytes, Stack size unknown bytes, test.o(MyCode))
<BR>[Address Reference Count : 1]<UL><LI> test.o(MyCode)
</UL>
<P><STRONG><a name="[b5]"></a>E_99</STRONG> (Thumb, 2 bytes, Stack size unknown bytes, test.o(MyCode))
<BR>[Address Reference Count : 1]<UL><LI> test.o(MyCode)
</UL>
<P><STRONG><a name="[18]"></a>E_16</STRONG> (Thumb, 2 bytes, Stack size unknown bytes, test.o(MyCode))
<BR>[Address Reference Count : 1]<UL><LI> test.o(MyCode)
</UL>
<P><STRONG><a name="[c2]"></a>W_100</STRONG> (Thumb, 2 bytes, Stack size unknown bytes, test.o(MyCode))
<BR>[Address Reference Count : 1]<UL><LI> test.o(MyCode)
</UL>
<P><STRONG><a name="[b7]"></a>E_100</STRONG> (Thumb, 2 bytes, Stack size unknown bytes, test.o(MyCode))
<BR>[Address Reference Count : 1]<UL><LI> test.o(MyCode)
</UL>
<P><STRONG><a name="[17]"></a>E_15</STRONG> (Thumb, 2 bytes, Stack size unknown bytes, test.o(MyCode))
<BR>[Address Reference Count : 1]<UL><LI> test.o(MyCode)
</UL>
<P><STRONG><a name="[c7]"></a>W_101</STRONG> (Thumb, 2 bytes, Stack size unknown bytes, test.o(MyCode))
<BR>[Address Reference Count : 1]<UL><LI> test.o(MyCode)
</UL>
<P><STRONG><a name="[b9]"></a>E_101</STRONG> (Thumb, 2 bytes, Stack size unknown bytes, test.o(MyCode))
<BR>[Address Reference Count : 1]<UL><LI> test.o(MyCode)
</UL>
<P><STRONG><a name="[16]"></a>E_14</STRONG> (Thumb, 2 bytes, Stack size unknown bytes, test.o(MyCode))
<BR>[Address Reference Count : 1]<UL><LI> test.o(MyCode)
</UL>
<P><STRONG><a name="[cb]"></a>W_102</STRONG> (Thumb, 2 bytes, Stack size unknown bytes, test.o(MyCode))
<BR>[Address Reference Count : 1]<UL><LI> test.o(MyCode)
</UL>
<P><STRONG><a name="[c4]"></a>E_102</STRONG> (Thumb, 2 bytes, Stack size unknown bytes, test.o(MyCode))
<BR>[Address Reference Count : 1]<UL><LI> test.o(MyCode)
</UL>
<P><STRONG><a name="[15]"></a>E_13</STRONG> (Thumb, 2 bytes, Stack size unknown bytes, test.o(MyCode))
<BR>[Address Reference Count : 1]<UL><LI> test.o(MyCode)
</UL>
<P><STRONG><a name="[cd]"></a>W_103</STRONG> (Thumb, 2 bytes, Stack size unknown bytes, test.o(MyCode))
<BR>[Address Reference Count : 1]<UL><LI> test.o(MyCode)
</UL>
<P><STRONG><a name="[c5]"></a>E_103</STRONG> (Thumb, 2 bytes, Stack size unknown bytes, test.o(MyCode))
<BR>[Address Reference Count : 1]<UL><LI> test.o(MyCode)
</UL>
<P><STRONG><a name="[14]"></a>E_12</STRONG> (Thumb, 2 bytes, Stack size unknown bytes, test.o(MyCode))
<BR>[Address Reference Count : 1]<UL><LI> test.o(MyCode)
</UL>
<P><STRONG><a name="[cf]"></a>W_104</STRONG> (Thumb, 2 bytes, Stack size unknown bytes, test.o(MyCode))
<BR>[Address Reference Count : 1]<UL><LI> test.o(MyCode)
</UL>
<P><STRONG><a name="[c6]"></a>E_104</STRONG> (Thumb, 2 bytes, Stack size unknown bytes, test.o(MyCode))
<BR>[Address Reference Count : 1]<UL><LI> test.o(MyCode)
</UL>
<P><STRONG><a name="[13]"></a>E_11</STRONG> (Thumb, 2 bytes, Stack size unknown bytes, test.o(MyCode))
<BR>[Address Reference Count : 1]<UL><LI> test.o(MyCode)
</UL>
<P><STRONG><a name="[d1]"></a>W_105</STRONG> (Thumb, 2 bytes, Stack size unknown bytes, test.o(MyCode))
<BR>[Address Reference Count : 1]<UL><LI> test.o(MyCode)
</UL>
<P><STRONG><a name="[c8]"></a>E_105</STRONG> (Thumb, 2 bytes, Stack size unknown bytes, test.o(MyCode))
<BR>[Address Reference Count : 1]<UL><LI> test.o(MyCode)
</UL>
<P><STRONG><a name="[12]"></a>E_10</STRONG> (Thumb, 2 bytes, Stack size unknown bytes, test.o(MyCode))
<BR>[Address Reference Count : 1]<UL><LI> test.o(MyCode)
</UL>
<P><STRONG><a name="[d3]"></a>W_106</STRONG> (Thumb, 2 bytes, Stack size unknown bytes, test.o(MyCode))
<BR>[Address Reference Count : 1]<UL><LI> test.o(MyCode)
</UL>
<P><STRONG><a name="[ca]"></a>E_106</STRONG> (Thumb, 2 bytes, Stack size unknown bytes, test.o(MyCode))
<BR>[Address Reference Count : 1]<UL><LI> test.o(MyCode)
</UL>
<P><STRONG><a name="[10]"></a>E_9</STRONG> (Thumb, 2 bytes, Stack size unknown bytes, test.o(MyCode))
<BR>[Address Reference Count : 1]<UL><LI> test.o(MyCode)
</UL>
<P><STRONG><a name="[d9]"></a>W_107</STRONG> (Thumb, 2 bytes, Stack size unknown bytes, test.o(MyCode))
<BR>[Address Reference Count : 1]<UL><LI> test.o(MyCode)
</UL>
<P><STRONG><a name="[d5]"></a>E_107</STRONG> (Thumb, 2 bytes, Stack size unknown bytes, test.o(MyCode))
<BR>[Address Reference Count : 1]<UL><LI> test.o(MyCode)
</UL>
<P><STRONG><a name="[f]"></a>E_8</STRONG> (Thumb, 2 bytes, Stack size unknown bytes, test.o(MyCode))
<BR>[Address Reference Count : 1]<UL><LI> test.o(MyCode)
</UL>
<P><STRONG><a name="[dc]"></a>W_108</STRONG> (Thumb, 2 bytes, Stack size unknown bytes, test.o(MyCode))
<BR>[Address Reference Count : 1]<UL><LI> test.o(MyCode)
</UL>
<P><STRONG><a name="[d6]"></a>E_108</STRONG> (Thumb, 2 bytes, Stack size unknown bytes, test.o(MyCode))
<BR>[Address Reference Count : 1]<UL><LI> test.o(MyCode)
</UL>
<P><STRONG><a name="[e]"></a>E_7</STRONG> (Thumb, 2 bytes, Stack size unknown bytes, test.o(MyCode))
<BR>[Address Reference Count : 1]<UL><LI> test.o(MyCode)
</UL>
<P><STRONG><a name="[de]"></a>W_109</STRONG> (Thumb, 2 bytes, Stack size unknown bytes, test.o(MyCode))
<BR>[Address Reference Count : 1]<UL><LI> test.o(MyCode)
</UL>
<P><STRONG><a name="[d7]"></a>E_109</STRONG> (Thumb, 2 bytes, Stack size unknown bytes, test.o(MyCode))
<BR>[Address Reference Count : 1]<UL><LI> test.o(MyCode)
</UL>
<P><STRONG><a name="[d]"></a>E_6</STRONG> (Thumb, 2 bytes, Stack size unknown bytes, test.o(MyCode))
<BR>[Address Reference Count : 1]<UL><LI> test.o(MyCode)
</UL>
<P><STRONG><a name="[e0]"></a>W_110</STRONG> (Thumb, 2 bytes, Stack size unknown bytes, test.o(MyCode))
<BR>[Address Reference Count : 1]<UL><LI> test.o(MyCode)
</UL>
<P><STRONG><a name="[d8]"></a>E_110</STRONG> (Thumb, 2 bytes, Stack size unknown bytes, test.o(MyCode))
<BR>[Address Reference Count : 1]<UL><LI> test.o(MyCode)
</UL>
<P><STRONG><a name="[b]"></a>E_5</STRONG> (Thumb, 2 bytes, Stack size unknown bytes, test.o(MyCode))
<BR>[Address Reference Count : 1]<UL><LI> test.o(MyCode)
</UL>
<P><STRONG><a name="[e2]"></a>W_111</STRONG> (Thumb, 2 bytes, Stack size unknown bytes, test.o(MyCode))
<BR>[Address Reference Count : 1]<UL><LI> test.o(MyCode)
</UL>
<P><STRONG><a name="[da]"></a>E_111</STRONG> (Thumb, 2 bytes, Stack size unknown bytes, test.o(MyCode))
<BR>[Address Reference Count : 1]<UL><LI> test.o(MyCode)
</UL>
<P><STRONG><a name="[a]"></a>E_4</STRONG> (Thumb, 2 bytes, Stack size unknown bytes, test.o(MyCode))
<BR>[Address Reference Count : 1]<UL><LI> test.o(MyCode)
</UL>
<P><STRONG><a name="[9]"></a>E_3</STRONG> (Thumb, 2 bytes, Stack size unknown bytes, test.o(MyCode))
<BR>[Address Reference Count : 1]<UL><LI> test.o(MyCode)
</UL>
<P><STRONG><a name="[3]"></a>End_OF</STRONG> (Thumb, 2 bytes, Stack size unknown bytes, test.o(MyCode))
<BR>[Address Reference Count : 1]<UL><LI> test.o(MyCode)
</UL>
<P><STRONG><a name="[5]"></a>End_UF</STRONG> (Thumb, 2 bytes, Stack size unknown bytes, test.o(MyCode))
<BR>[Address Reference Count : 1]<UL><LI> test.o(MyCode)
</UL>
<P><STRONG><a name="[e6]"></a>Clear_Mem</STRONG> (Thumb, 20 bytes, Stack size 0 bytes, test.o(MyCode))
<BR><BR>[Called By]<UL><LI><a href="#[e5]">&gt;&gt;</a>&nbsp;&nbsp;&nbsp;Reset_Handler
</UL>

<P><STRONG><a name="[e7]"></a>GetChar</STRONG> (Thumb, 18 bytes, Stack size 0 bytes, test.o(MyCode))
<BR><BR>[Called By]<UL><LI><a href="#[e5]">&gt;&gt;</a>&nbsp;&nbsp;&nbsp;Reset_Handler
</UL>

<P><STRONG><a name="[e8]"></a>PutStringSB</STRONG> (Thumb, 28 bytes, Stack size 0 bytes, test.o(MyCode))
<BR><BR>[Calls]<UL><LI><a href="#[ea]">&gt;&gt;</a>&nbsp;&nbsp;&nbsp;PutChar
</UL>
<BR>[Called By]<UL><LI><a href="#[e5]">&gt;&gt;</a>&nbsp;&nbsp;&nbsp;Reset_Handler
</UL>

<P><STRONG><a name="[ee]"></a>SystemInit</STRONG> (Thumb, 54 bytes, Stack size 0 bytes, start.o(Start))
<BR><BR>[Called By]<UL><LI><a href="#[ed]">&gt;&gt;</a>&nbsp;&nbsp;&nbsp;Startup
</UL>

<P><STRONG><a name="[ef]"></a>SetClock48MHz</STRONG> (Thumb, 140 bytes, Stack size 0 bytes, start.o(Start))
<BR><BR>[Called By]<UL><LI><a href="#[ed]">&gt;&gt;</a>&nbsp;&nbsp;&nbsp;Startup
</UL>
<P>
<H3>
Undefined Global Symbols
</H3><HR></body></html>
